[0.179s] DEBUG:colcon:Command line arguments: ['/usr/bin/colcon', 'build']
[0.179s] DEBUG:colcon:Parsed command line arguments: Namespace(log_base=None, log_level=None, verb_name='build', build_base='build', install_base='install', merge_install=False, symlink_install=False, test_result_base=None, continue_on_error=False, executor='parallel', parallel_workers=4, event_handlers=None, ignore_user_meta=False, metas=['./colcon.meta'], base_paths=['.'], packages_ignore=None, packages_ignore_regex=None, paths=None, packages_up_to=None, packages_up_to_regex=None, packages_above=None, packages_above_and_dependencies=None, packages_above_depth=None, packages_select_by_dep=None, packages_skip_by_dep=None, packages_skip_up_to=None, packages_select_build_failed=False, packages_skip_build_finished=False, packages_select_test_failures=False, packages_skip_test_passed=False, packages_select=None, packages_skip=None, packages_select_regex=None, packages_skip_regex=None, packages_start=None, packages_end=None, allow_overriding=[], cmake_args=None, cmake_target=None, cmake_target_skip_unavailable=False, cmake_clean_cache=False, cmake_clean_first=False, cmake_force_configure=False, ament_cmake_args=None, catkin_cmake_args=None, catkin_skip_building_tests=False, verb_parser=<colcon_defaults.argument_parser.defaults.DefaultArgumentsDecorator object at 0x736c17a28700>, verb_extension=<colcon_core.verb.build.BuildVerb object at 0x736c17a28130>, main=<bound method BuildVerb.main of <colcon_core.verb.build.BuildVerb object at 0x736c17a28130>>)
[0.509s] Level 1:colcon.colcon_core.package_discovery:discover_packages(colcon_meta) check parameters
[0.509s] Level 1:colcon.colcon_core.package_discovery:discover_packages(recursive) check parameters
[0.509s] Level 1:colcon.colcon_core.package_discovery:discover_packages(ignore) check parameters
[0.509s] Level 1:colcon.colcon_core.package_discovery:discover_packages(path) check parameters
[0.509s] Level 1:colcon.colcon_core.package_discovery:discover_packages(colcon_meta) discover
[0.509s] Level 1:colcon.colcon_core.package_discovery:discover_packages(recursive) discover
[0.509s] INFO:colcon.colcon_core.package_discovery:Crawling recursively for packages in '/home/danil/Manipulator-Mujoco/src'
[0.509s] Level 1:colcon.colcon_core.package_identification:_identify(.) by extensions ['ignore', 'ignore_ament_install']
[0.510s] Level 1:colcon.colcon_core.package_identification:_identify(.) by extension 'ignore'
[0.510s] Level 1:colcon.colcon_core.package_identification:_identify(.) by extension 'ignore_ament_install'
[0.510s] Level 1:colcon.colcon_core.package_identification:_identify(.) by extensions ['colcon_pkg']
[0.510s] Level 1:colcon.colcon_core.package_identification:_identify(.) by extension 'colcon_pkg'
[0.510s] Level 1:colcon.colcon_core.package_identification:_identify(.) by extensions ['colcon_meta']
[0.510s] Level 1:colcon.colcon_core.package_identification:_identify(.) by extension 'colcon_meta'
[0.510s] Level 1:colcon.colcon_core.package_identification:_identify(.) by extensions ['ros']
[0.510s] Level 1:colcon.colcon_core.package_identification:_identify(.) by extension 'ros'
[0.553s] Level 1:colcon.colcon_core.package_identification:_identify(.) by extensions ['cmake', 'python']
[0.553s] Level 1:colcon.colcon_core.package_identification:_identify(.) by extension 'cmake'
[0.553s] Level 1:colcon.colcon_core.package_identification:_identify(.) by extension 'python'
[0.553s] Level 1:colcon.colcon_core.package_identification:_identify(.) by extensions ['python_setup_py']
[0.553s] Level 1:colcon.colcon_core.package_identification:_identify(.) by extension 'python_setup_py'
[0.553s] Level 1:colcon.colcon_core.package_identification:_identify(build) by extensions ['ignore', 'ignore_ament_install']
[0.553s] Level 1:colcon.colcon_core.package_identification:_identify(build) by extension 'ignore'
[0.553s] Level 1:colcon.colcon_core.package_identification:_identify(build) ignored
[0.553s] Level 1:colcon.colcon_core.package_identification:_identify(description) by extensions ['ignore', 'ignore_ament_install']
[0.554s] Level 1:colcon.colcon_core.package_identification:_identify(description) by extension 'ignore'
[0.554s] Level 1:colcon.colcon_core.package_identification:_identify(description) by extension 'ignore_ament_install'
[0.554s] Level 1:colcon.colcon_core.package_identification:_identify(description) by extensions ['colcon_pkg']
[0.554s] Level 1:colcon.colcon_core.package_identification:_identify(description) by extension 'colcon_pkg'
[0.554s] Level 1:colcon.colcon_core.package_identification:_identify(description) by extensions ['colcon_meta']
[0.554s] Level 1:colcon.colcon_core.package_identification:_identify(description) by extension 'colcon_meta'
[0.554s] Level 1:colcon.colcon_core.package_identification:_identify(description) by extensions ['ros']
[0.554s] Level 1:colcon.colcon_core.package_identification:_identify(description) by extension 'ros'
[0.559s] DEBUG:colcon.colcon_core.package_identification:Package 'description' with type 'ros.ament_cmake' and name 'description'
[0.559s] Level 1:colcon.colcon_core.package_identification:_identify(install) by extensions ['ignore', 'ignore_ament_install']
[0.559s] Level 1:colcon.colcon_core.package_identification:_identify(install) by extension 'ignore'
[0.559s] Level 1:colcon.colcon_core.package_identification:_identify(install) ignored
[0.559s] Level 1:colcon.colcon_core.package_identification:_identify(log) by extensions ['ignore', 'ignore_ament_install']
[0.559s] Level 1:colcon.colcon_core.package_identification:_identify(log) by extension 'ignore'
[0.560s] Level 1:colcon.colcon_core.package_identification:_identify(log) ignored
[0.560s] Level 1:colcon.colcon_core.package_identification:_identify(my_tf_broadcaster) by extensions ['ignore', 'ignore_ament_install']
[0.560s] Level 1:colcon.colcon_core.package_identification:_identify(my_tf_broadcaster) by extension 'ignore'
[0.560s] Level 1:colcon.colcon_core.package_identification:_identify(my_tf_broadcaster) by extension 'ignore_ament_install'
[0.560s] Level 1:colcon.colcon_core.package_identification:_identify(my_tf_broadcaster) by extensions ['colcon_pkg']
[0.560s] Level 1:colcon.colcon_core.package_identification:_identify(my_tf_broadcaster) by extension 'colcon_pkg'
[0.560s] Level 1:colcon.colcon_core.package_identification:_identify(my_tf_broadcaster) by extensions ['colcon_meta']
[0.560s] Level 1:colcon.colcon_core.package_identification:_identify(my_tf_broadcaster) by extension 'colcon_meta'
[0.560s] Level 1:colcon.colcon_core.package_identification:_identify(my_tf_broadcaster) by extensions ['ros']
[0.560s] Level 1:colcon.colcon_core.package_identification:_identify(my_tf_broadcaster) by extension 'ros'
[0.561s] DEBUG:colcon.colcon_core.package_identification:Package 'my_tf_broadcaster' with type 'ros.ament_python' and name 'my_tf_broadcaster'
[0.561s] Level 1:colcon.colcon_core.package_discovery:discover_packages(recursive) using defaults
[0.561s] Level 1:colcon.colcon_core.package_discovery:discover_packages(ignore) discover
[0.561s] Level 1:colcon.colcon_core.package_discovery:discover_packages(ignore) using defaults
[0.561s] Level 1:colcon.colcon_core.package_discovery:discover_packages(path) discover
[0.561s] Level 1:colcon.colcon_core.package_discovery:discover_packages(path) using defaults
[0.588s] Level 1:colcon.colcon_core.package_discovery:discover_packages(prefix_path) check parameters
[0.588s] Level 1:colcon.colcon_core.package_discovery:discover_packages(prefix_path) discover
[0.593s] DEBUG:colcon.colcon_installed_package_information.package_discovery:Found 430 installed packages in /opt/ros/humble
[0.595s] Level 1:colcon.colcon_core.package_discovery:discover_packages(prefix_path) using defaults
[0.652s] Level 5:colcon.colcon_core.verb:set package 'description' build argument 'cmake_args' from command line to 'None'
[0.652s] Level 5:colcon.colcon_core.verb:set package 'description' build argument 'cmake_target' from command line to 'None'
[0.652s] Level 5:colcon.colcon_core.verb:set package 'description' build argument 'cmake_target_skip_unavailable' from command line to 'False'
[0.652s] Level 5:colcon.colcon_core.verb:set package 'description' build argument 'cmake_clean_cache' from command line to 'False'
[0.652s] Level 5:colcon.colcon_core.verb:set package 'description' build argument 'cmake_clean_first' from command line to 'False'
[0.652s] Level 5:colcon.colcon_core.verb:set package 'description' build argument 'cmake_force_configure' from command line to 'False'
[0.652s] Level 5:colcon.colcon_core.verb:set package 'description' build argument 'ament_cmake_args' from command line to 'None'
[0.653s] Level 5:colcon.colcon_core.verb:set package 'description' build argument 'catkin_cmake_args' from command line to 'None'
[0.653s] Level 5:colcon.colcon_core.verb:set package 'description' build argument 'catkin_skip_building_tests' from command line to 'False'
[0.653s] DEBUG:colcon.colcon_core.verb:Building package 'description' with the following arguments: {'ament_cmake_args': None, 'build_base': '/home/danil/Manipulator-Mujoco/src/build/description', 'catkin_cmake_args': None, 'catkin_skip_building_tests': False, 'cmake_args': None, 'cmake_clean_cache': False, 'cmake_clean_first': False, 'cmake_force_configure': False, 'cmake_target': None, 'cmake_target_skip_unavailable': False, 'install_base': '/home/danil/Manipulator-Mujoco/src/install/description', 'merge_install': False, 'path': '/home/danil/Manipulator-Mujoco/src/description', 'symlink_install': False, 'test_result_base': None}
[0.653s] Level 5:colcon.colcon_core.verb:set package 'my_tf_broadcaster' build argument 'cmake_args' from command line to 'None'
[0.653s] Level 5:colcon.colcon_core.verb:set package 'my_tf_broadcaster' build argument 'cmake_target' from command line to 'None'
[0.653s] Level 5:colcon.colcon_core.verb:set package 'my_tf_broadcaster' build argument 'cmake_target_skip_unavailable' from command line to 'False'
[0.653s] Level 5:colcon.colcon_core.verb:set package 'my_tf_broadcaster' build argument 'cmake_clean_cache' from command line to 'False'
[0.653s] Level 5:colcon.colcon_core.verb:set package 'my_tf_broadcaster' build argument 'cmake_clean_first' from command line to 'False'
[0.653s] Level 5:colcon.colcon_core.verb:set package 'my_tf_broadcaster' build argument 'cmake_force_configure' from command line to 'False'
[0.653s] Level 5:colcon.colcon_core.verb:set package 'my_tf_broadcaster' build argument 'ament_cmake_args' from command line to 'None'
[0.653s] Level 5:colcon.colcon_core.verb:set package 'my_tf_broadcaster' build argument 'catkin_cmake_args' from command line to 'None'
[0.653s] Level 5:colcon.colcon_core.verb:set package 'my_tf_broadcaster' build argument 'catkin_skip_building_tests' from command line to 'False'
[0.653s] DEBUG:colcon.colcon_core.verb:Building package 'my_tf_broadcaster' with the following arguments: {'ament_cmake_args': None, 'build_base': '/home/danil/Manipulator-Mujoco/src/build/my_tf_broadcaster', 'catkin_cmake_args': None, 'catkin_skip_building_tests': False, 'cmake_args': None, 'cmake_clean_cache': False, 'cmake_clean_first': False, 'cmake_force_configure': False, 'cmake_target': None, 'cmake_target_skip_unavailable': False, 'install_base': '/home/danil/Manipulator-Mujoco/src/install/my_tf_broadcaster', 'merge_install': False, 'path': '/home/danil/Manipulator-Mujoco/src/my_tf_broadcaster', 'symlink_install': False, 'test_result_base': None}
[0.653s] INFO:colcon.colcon_core.executor:Executing jobs using 'parallel' executor
[0.654s] DEBUG:colcon.colcon_parallel_executor.executor.parallel:run_until_complete
[0.655s] INFO:colcon.colcon_ros.task.ament_cmake.build:Building ROS package in '/home/danil/Manipulator-Mujoco/src/description' with build type 'ament_cmake'
[0.655s] INFO:colcon.colcon_cmake.task.cmake.build:Building CMake package in '/home/danil/Manipulator-Mujoco/src/description'
[0.659s] INFO:colcon.colcon_core.plugin_system:Skipping extension 'colcon_core.shell.bat': Not used on non-Windows systems
[0.659s] INFO:colcon.colcon_core.shell:Skip shell extension 'powershell' for command environment: Not usable outside of PowerShell
[0.660s] DEBUG:colcon.colcon_core.shell:Skip shell extension 'dsv' for command environment
[0.664s] INFO:colcon.colcon_ros.task.ament_python.build:Building ROS package in '/home/danil/Manipulator-Mujoco/src/my_tf_broadcaster' with build type 'ament_python'
[0.664s] Level 1:colcon.colcon_core.shell:create_environment_hook('my_tf_broadcaster', 'ament_prefix_path')
[0.665s] INFO:colcon.colcon_core.shell:Creating environment hook '/home/danil/Manipulator-Mujoco/src/install/my_tf_broadcaster/share/my_tf_broadcaster/hook/ament_prefix_path.ps1'
[0.666s] INFO:colcon.colcon_core.shell:Creating environment descriptor '/home/danil/Manipulator-Mujoco/src/install/my_tf_broadcaster/share/my_tf_broadcaster/hook/ament_prefix_path.dsv'
[0.667s] INFO:colcon.colcon_core.shell:Creating environment hook '/home/danil/Manipulator-Mujoco/src/install/my_tf_broadcaster/share/my_tf_broadcaster/hook/ament_prefix_path.sh'
[0.668s] INFO:colcon.colcon_core.shell:Skip shell extension 'powershell' for command environment: Not usable outside of PowerShell
[0.668s] DEBUG:colcon.colcon_core.shell:Skip shell extension 'dsv' for command environment
[0.676s] DEBUG:colcon.colcon_core.event_handler.log_command:Invoking command in '/home/danil/Manipulator-Mujoco/src/build/description': CMAKE_PREFIX_PATH=/opt/ros/humble /usr/bin/cmake --build /home/danil/Manipulator-Mujoco/src/build/description -- -j4 -l4
[0.989s] INFO:colcon.colcon_core.task.python.build:Building Python package in '/home/danil/Manipulator-Mujoco/src/my_tf_broadcaster'
[0.989s] INFO:colcon.colcon_core.shell:Skip shell extension 'powershell' for command environment: Not usable outside of PowerShell
[0.989s] DEBUG:colcon.colcon_core.shell:Skip shell extension 'dsv' for command environment
[0.995s] DEBUG:colcon.colcon_core.event_handler.log_command:Invoked command in '/home/danil/Manipulator-Mujoco/src/build/description' returned '0': CMAKE_PREFIX_PATH=/opt/ros/humble /usr/bin/cmake --build /home/danil/Manipulator-Mujoco/src/build/description -- -j4 -l4
[1.009s] DEBUG:colcon.colcon_core.event_handler.log_command:Invoking command in '/home/danil/Manipulator-Mujoco/src/build/description': CMAKE_PREFIX_PATH=/opt/ros/humble /usr/bin/cmake --install /home/danil/Manipulator-Mujoco/src/build/description
[1.023s] Level 1:colcon.colcon_core.environment:create_environment_scripts_only(description)
[1.023s] DEBUG:colcon.colcon_core.event_handler.log_command:Invoked command in '/home/danil/Manipulator-Mujoco/src/build/description' returned '0': CMAKE_PREFIX_PATH=/opt/ros/humble /usr/bin/cmake --install /home/danil/Manipulator-Mujoco/src/build/description
[1.028s] Level 1:colcon.colcon_core.environment:checking '/home/danil/Manipulator-Mujoco/src/install/description' for CMake module files
[1.028s] Level 1:colcon.colcon_core.environment:checking '/home/danil/Manipulator-Mujoco/src/install/description' for CMake config files
[1.028s] Level 1:colcon.colcon_core.shell:create_environment_hook('description', 'cmake_prefix_path')
[1.029s] INFO:colcon.colcon_core.shell:Creating environment hook '/home/danil/Manipulator-Mujoco/src/install/description/share/description/hook/cmake_prefix_path.ps1'
[1.029s] INFO:colcon.colcon_core.shell:Creating environment descriptor '/home/danil/Manipulator-Mujoco/src/install/description/share/description/hook/cmake_prefix_path.dsv'
[1.029s] INFO:colcon.colcon_core.shell:Creating environment hook '/home/danil/Manipulator-Mujoco/src/install/description/share/description/hook/cmake_prefix_path.sh'
[1.030s] Level 1:colcon.colcon_core.environment:checking '/home/danil/Manipulator-Mujoco/src/install/description/bin'
[1.030s] Level 1:colcon.colcon_core.environment:checking '/home/danil/Manipulator-Mujoco/src/install/description/lib/pkgconfig/description.pc'
[1.030s] Level 1:colcon.colcon_core.environment:checking '/home/danil/Manipulator-Mujoco/src/install/description/lib/python3.10/site-packages'
[1.031s] Level 1:colcon.colcon_core.environment:checking '/home/danil/Manipulator-Mujoco/src/install/description/bin'
[1.031s] INFO:colcon.colcon_core.shell:Creating package script '/home/danil/Manipulator-Mujoco/src/install/description/share/description/package.ps1'
[1.032s] INFO:colcon.colcon_core.shell:Creating package descriptor '/home/danil/Manipulator-Mujoco/src/install/description/share/description/package.dsv'
[1.033s] INFO:colcon.colcon_core.shell:Creating package script '/home/danil/Manipulator-Mujoco/src/install/description/share/description/package.sh'
[1.034s] INFO:colcon.colcon_core.shell:Creating package script '/home/danil/Manipulator-Mujoco/src/install/description/share/description/package.bash'
[1.036s] INFO:colcon.colcon_core.shell:Creating package script '/home/danil/Manipulator-Mujoco/src/install/description/share/description/package.zsh'
[1.037s] Level 1:colcon.colcon_core.environment:create_file_with_runtime_dependencies(/home/danil/Manipulator-Mujoco/src/install/description/share/colcon-core/packages/description)
[1.037s] Level 1:colcon.colcon_core.environment:create_environment_scripts_only(description)
[1.038s] Level 1:colcon.colcon_core.environment:checking '/home/danil/Manipulator-Mujoco/src/install/description' for CMake module files
[1.038s] Level 1:colcon.colcon_core.environment:checking '/home/danil/Manipulator-Mujoco/src/install/description' for CMake config files
[1.038s] Level 1:colcon.colcon_core.shell:create_environment_hook('description', 'cmake_prefix_path')
[1.039s] INFO:colcon.colcon_core.shell:Creating environment hook '/home/danil/Manipulator-Mujoco/src/install/description/share/description/hook/cmake_prefix_path.ps1'
[1.039s] INFO:colcon.colcon_core.shell:Creating environment descriptor '/home/danil/Manipulator-Mujoco/src/install/description/share/description/hook/cmake_prefix_path.dsv'
[1.040s] INFO:colcon.colcon_core.shell:Creating environment hook '/home/danil/Manipulator-Mujoco/src/install/description/share/description/hook/cmake_prefix_path.sh'
[1.040s] Level 1:colcon.colcon_core.environment:checking '/home/danil/Manipulator-Mujoco/src/install/description/bin'
[1.040s] Level 1:colcon.colcon_core.environment:checking '/home/danil/Manipulator-Mujoco/src/install/description/lib/pkgconfig/description.pc'
[1.040s] Level 1:colcon.colcon_core.environment:checking '/home/danil/Manipulator-Mujoco/src/install/description/lib/python3.10/site-packages'
[1.041s] Level 1:colcon.colcon_core.environment:checking '/home/danil/Manipulator-Mujoco/src/install/description/bin'
[1.041s] INFO:colcon.colcon_core.shell:Creating package script '/home/danil/Manipulator-Mujoco/src/install/description/share/description/package.ps1'
[1.042s] INFO:colcon.colcon_core.shell:Creating package descriptor '/home/danil/Manipulator-Mujoco/src/install/description/share/description/package.dsv'
[1.042s] INFO:colcon.colcon_core.shell:Creating package script '/home/danil/Manipulator-Mujoco/src/install/description/share/description/package.sh'
[1.043s] INFO:colcon.colcon_core.shell:Creating package script '/home/danil/Manipulator-Mujoco/src/install/description/share/description/package.bash'
[1.043s] INFO:colcon.colcon_core.shell:Creating package script '/home/danil/Manipulator-Mujoco/src/install/description/share/description/package.zsh'
[1.043s] Level 1:colcon.colcon_core.environment:create_file_with_runtime_dependencies(/home/danil/Manipulator-Mujoco/src/install/description/share/colcon-core/packages/description)
[1.729s] DEBUG:colcon.colcon_core.event_handler.log_command:Invoking command in '/home/danil/Manipulator-Mujoco/src/my_tf_broadcaster': PYTHONPATH=/home/danil/Manipulator-Mujoco/src/build/my_tf_broadcaster/prefix_override:/usr/lib/python3/dist-packages/colcon_core/task/python/colcon_distutils_commands:/home/danil/Manipulator-Mujoco/src/install/my_tf_broadcaster/lib/python3.10/site-packages:${PYTHONPATH} /usr/bin/python3 -W ignore:setup.py install is deprecated -W ignore:easy_install command is deprecated setup.py egg_info --egg-base ../build/my_tf_broadcaster build --build-base /home/danil/Manipulator-Mujoco/src/build/my_tf_broadcaster/build install --record /home/danil/Manipulator-Mujoco/src/build/my_tf_broadcaster/install.log --single-version-externally-managed install_data
[2.059s] Level 1:colcon.colcon_core.environment:checking '/home/danil/Manipulator-Mujoco/src/install/my_tf_broadcaster' for CMake module files
[2.060s] DEBUG:colcon.colcon_core.event_handler.log_command:Invoked command in '/home/danil/Manipulator-Mujoco/src/my_tf_broadcaster' returned '0': PYTHONPATH=/home/danil/Manipulator-Mujoco/src/build/my_tf_broadcaster/prefix_override:/usr/lib/python3/dist-packages/colcon_core/task/python/colcon_distutils_commands:/home/danil/Manipulator-Mujoco/src/install/my_tf_broadcaster/lib/python3.10/site-packages:${PYTHONPATH} /usr/bin/python3 -W ignore:setup.py install is deprecated -W ignore:easy_install command is deprecated setup.py egg_info --egg-base ../build/my_tf_broadcaster build --build-base /home/danil/Manipulator-Mujoco/src/build/my_tf_broadcaster/build install --record /home/danil/Manipulator-Mujoco/src/build/my_tf_broadcaster/install.log --single-version-externally-managed install_data
[2.060s] Level 1:colcon.colcon_core.environment:checking '/home/danil/Manipulator-Mujoco/src/install/my_tf_broadcaster' for CMake config files
[2.061s] Level 1:colcon.colcon_core.environment:checking '/home/danil/Manipulator-Mujoco/src/install/my_tf_broadcaster/lib'
[2.061s] Level 1:colcon.colcon_core.environment:checking '/home/danil/Manipulator-Mujoco/src/install/my_tf_broadcaster/bin'
[2.062s] Level 1:colcon.colcon_core.environment:checking '/home/danil/Manipulator-Mujoco/src/install/my_tf_broadcaster/lib/pkgconfig/my_tf_broadcaster.pc'
[2.062s] Level 1:colcon.colcon_core.environment:checking '/home/danil/Manipulator-Mujoco/src/install/my_tf_broadcaster/lib/python3.10/site-packages'
[2.062s] Level 1:colcon.colcon_core.shell:create_environment_hook('my_tf_broadcaster', 'pythonpath')
[2.062s] INFO:colcon.colcon_core.shell:Creating environment hook '/home/danil/Manipulator-Mujoco/src/install/my_tf_broadcaster/share/my_tf_broadcaster/hook/pythonpath.ps1'
[2.063s] INFO:colcon.colcon_core.shell:Creating environment descriptor '/home/danil/Manipulator-Mujoco/src/install/my_tf_broadcaster/share/my_tf_broadcaster/hook/pythonpath.dsv'
[2.063s] INFO:colcon.colcon_core.shell:Creating environment hook '/home/danil/Manipulator-Mujoco/src/install/my_tf_broadcaster/share/my_tf_broadcaster/hook/pythonpath.sh'
[2.064s] Level 1:colcon.colcon_core.environment:checking '/home/danil/Manipulator-Mujoco/src/install/my_tf_broadcaster/bin'
[2.064s] Level 1:colcon.colcon_core.environment:create_environment_scripts_only(my_tf_broadcaster)
[2.064s] INFO:colcon.colcon_core.shell:Creating package script '/home/danil/Manipulator-Mujoco/src/install/my_tf_broadcaster/share/my_tf_broadcaster/package.ps1'
[2.065s] INFO:colcon.colcon_core.shell:Creating package descriptor '/home/danil/Manipulator-Mujoco/src/install/my_tf_broadcaster/share/my_tf_broadcaster/package.dsv'
[2.065s] INFO:colcon.colcon_core.shell:Creating package script '/home/danil/Manipulator-Mujoco/src/install/my_tf_broadcaster/share/my_tf_broadcaster/package.sh'
[2.066s] INFO:colcon.colcon_core.shell:Creating package script '/home/danil/Manipulator-Mujoco/src/install/my_tf_broadcaster/share/my_tf_broadcaster/package.bash'
[2.066s] INFO:colcon.colcon_core.shell:Creating package script '/home/danil/Manipulator-Mujoco/src/install/my_tf_broadcaster/share/my_tf_broadcaster/package.zsh'
[2.067s] Level 1:colcon.colcon_core.environment:create_file_with_runtime_dependencies(/home/danil/Manipulator-Mujoco/src/install/my_tf_broadcaster/share/colcon-core/packages/my_tf_broadcaster)
[2.067s] DEBUG:colcon.colcon_parallel_executor.executor.parallel:closing loop
[2.067s] DEBUG:colcon.colcon_parallel_executor.executor.parallel:loop closed
[2.067s] DEBUG:colcon.colcon_parallel_executor.executor.parallel:run_until_complete finished with '0'
[2.068s] DEBUG:colcon.colcon_core.event_reactor:joining thread
[2.080s] INFO:colcon.colcon_core.plugin_system:Skipping extension 'colcon_notification.desktop_notification.terminal_notifier': Not used on non-Darwin systems
[2.080s] INFO:colcon.colcon_core.plugin_system:Skipping extension 'colcon_notification.desktop_notification.win32': Not used on non-Windows systems
[2.080s] INFO:colcon.colcon_notification.desktop_notification:Sending desktop notification using 'notify2'
[2.104s] DEBUG:colcon.colcon_core.event_reactor:joined thread
[2.105s] INFO:colcon.colcon_core.shell:Creating prefix script '/home/danil/Manipulator-Mujoco/src/install/local_setup.ps1'
[2.107s] INFO:colcon.colcon_core.shell:Creating prefix util module '/home/danil/Manipulator-Mujoco/src/install/_local_setup_util_ps1.py'
[2.110s] INFO:colcon.colcon_core.shell:Creating prefix chain script '/home/danil/Manipulator-Mujoco/src/install/setup.ps1'
[2.111s] INFO:colcon.colcon_core.shell:Creating prefix script '/home/danil/Manipulator-Mujoco/src/install/local_setup.sh'
[2.113s] INFO:colcon.colcon_core.shell:Creating prefix util module '/home/danil/Manipulator-Mujoco/src/install/_local_setup_util_sh.py'
[2.114s] INFO:colcon.colcon_core.shell:Creating prefix chain script '/home/danil/Manipulator-Mujoco/src/install/setup.sh'
[2.115s] INFO:colcon.colcon_core.shell:Creating prefix script '/home/danil/Manipulator-Mujoco/src/install/local_setup.bash'
[2.117s] INFO:colcon.colcon_core.shell:Creating prefix chain script '/home/danil/Manipulator-Mujoco/src/install/setup.bash'
[2.118s] INFO:colcon.colcon_core.shell:Creating prefix script '/home/danil/Manipulator-Mujoco/src/install/local_setup.zsh'
[2.119s] INFO:colcon.colcon_core.shell:Creating prefix chain script '/home/danil/Manipulator-Mujoco/src/install/setup.zsh'
