[0.121s] DEBUG:colcon:Command line arguments: ['/usr/bin/colcon', 'build']
[0.121s] DEBUG:colcon:Parsed command line arguments: Namespace(log_base=None, log_level=None, verb_name='build', build_base='build', install_base='install', merge_install=False, symlink_install=False, test_result_base=None, continue_on_error=False, executor='parallel', parallel_workers=4, event_handlers=None, ignore_user_meta=False, metas=['./colcon.meta'], base_paths=['.'], packages_ignore=None, packages_ignore_regex=None, paths=None, packages_up_to=None, packages_up_to_regex=None, packages_above=None, packages_above_and_dependencies=None, packages_above_depth=None, packages_select_by_dep=None, packages_skip_by_dep=None, packages_skip_up_to=None, packages_select_build_failed=False, packages_skip_build_finished=False, packages_select_test_failures=False, packages_skip_test_passed=False, packages_select=None, packages_skip=None, packages_select_regex=None, packages_skip_regex=None, packages_start=None, packages_end=None, allow_overriding=[], cmake_args=None, cmake_target=None, cmake_target_skip_unavailable=False, cmake_clean_cache=False, cmake_clean_first=False, cmake_force_configure=False, ament_cmake_args=None, catkin_cmake_args=None, catkin_skip_building_tests=False, verb_parser=<colcon_defaults.argument_parser.defaults.DefaultArgumentsDecorator object at 0x7edd4ed68a90>, verb_extension=<colcon_core.verb.build.BuildVerb object at 0x7edd4ed68520>, main=<bound method BuildVerb.main of <colcon_core.verb.build.BuildVerb object at 0x7edd4ed68520>>)
[0.325s] Level 1:colcon.colcon_core.package_discovery:discover_packages(colcon_meta) check parameters
[0.326s] Level 1:colcon.colcon_core.package_discovery:discover_packages(recursive) check parameters
[0.326s] Level 1:colcon.colcon_core.package_discovery:discover_packages(ignore) check parameters
[0.326s] Level 1:colcon.colcon_core.package_discovery:discover_packages(path) check parameters
[0.326s] Level 1:colcon.colcon_core.package_discovery:discover_packages(colcon_meta) discover
[0.326s] Level 1:colcon.colcon_core.package_discovery:discover_packages(recursive) discover
[0.326s] INFO:colcon.colcon_core.package_discovery:Crawling recursively for packages in '/home/danil/Manipulator-Mujoco/src'
[0.326s] Level 1:colcon.colcon_core.package_identification:_identify(.) by extensions ['ignore', 'ignore_ament_install']
[0.327s] Level 1:colcon.colcon_core.package_identification:_identify(.) by extension 'ignore'
[0.327s] Level 1:colcon.colcon_core.package_identification:_identify(.) by extension 'ignore_ament_install'
[0.327s] Level 1:colcon.colcon_core.package_identification:_identify(.) by extensions ['colcon_pkg']
[0.327s] Level 1:colcon.colcon_core.package_identification:_identify(.) by extension 'colcon_pkg'
[0.327s] Level 1:colcon.colcon_core.package_identification:_identify(.) by extensions ['colcon_meta']
[0.327s] Level 1:colcon.colcon_core.package_identification:_identify(.) by extension 'colcon_meta'
[0.327s] Level 1:colcon.colcon_core.package_identification:_identify(.) by extensions ['ros']
[0.327s] Level 1:colcon.colcon_core.package_identification:_identify(.) by extension 'ros'
[0.364s] Level 1:colcon.colcon_core.package_identification:_identify(.) by extensions ['cmake', 'python']
[0.364s] Level 1:colcon.colcon_core.package_identification:_identify(.) by extension 'cmake'
[0.364s] Level 1:colcon.colcon_core.package_identification:_identify(.) by extension 'python'
[0.364s] Level 1:colcon.colcon_core.package_identification:_identify(.) by extensions ['python_setup_py']
[0.364s] Level 1:colcon.colcon_core.package_identification:_identify(.) by extension 'python_setup_py'
[0.364s] Level 1:colcon.colcon_core.package_identification:_identify(build) by extensions ['ignore', 'ignore_ament_install']
[0.364s] Level 1:colcon.colcon_core.package_identification:_identify(build) by extension 'ignore'
[0.364s] Level 1:colcon.colcon_core.package_identification:_identify(build) ignored
[0.364s] Level 1:colcon.colcon_core.package_identification:_identify(description) by extensions ['ignore', 'ignore_ament_install']
[0.364s] Level 1:colcon.colcon_core.package_identification:_identify(description) by extension 'ignore'
[0.365s] Level 1:colcon.colcon_core.package_identification:_identify(description) by extension 'ignore_ament_install'
[0.365s] Level 1:colcon.colcon_core.package_identification:_identify(description) by extensions ['colcon_pkg']
[0.365s] Level 1:colcon.colcon_core.package_identification:_identify(description) by extension 'colcon_pkg'
[0.365s] Level 1:colcon.colcon_core.package_identification:_identify(description) by extensions ['colcon_meta']
[0.365s] Level 1:colcon.colcon_core.package_identification:_identify(description) by extension 'colcon_meta'
[0.365s] Level 1:colcon.colcon_core.package_identification:_identify(description) by extensions ['ros']
[0.365s] Level 1:colcon.colcon_core.package_identification:_identify(description) by extension 'ros'
[0.367s] DEBUG:colcon.colcon_core.package_identification:Package 'description' with type 'ros.ament_cmake' and name 'description'
[0.367s] Level 1:colcon.colcon_core.package_identification:_identify(install) by extensions ['ignore', 'ignore_ament_install']
[0.368s] Level 1:colcon.colcon_core.package_identification:_identify(install) by extension 'ignore'
[0.368s] Level 1:colcon.colcon_core.package_identification:_identify(install) ignored
[0.368s] Level 1:colcon.colcon_core.package_identification:_identify(log) by extensions ['ignore', 'ignore_ament_install']
[0.368s] Level 1:colcon.colcon_core.package_identification:_identify(log) by extension 'ignore'
[0.368s] Level 1:colcon.colcon_core.package_identification:_identify(log) ignored
[0.368s] Level 1:colcon.colcon_core.package_identification:_identify(my_tf_broadcaster) by extensions ['ignore', 'ignore_ament_install']
[0.368s] Level 1:colcon.colcon_core.package_identification:_identify(my_tf_broadcaster) by extension 'ignore'
[0.368s] Level 1:colcon.colcon_core.package_identification:_identify(my_tf_broadcaster) by extension 'ignore_ament_install'
[0.368s] Level 1:colcon.colcon_core.package_identification:_identify(my_tf_broadcaster) by extensions ['colcon_pkg']
[0.368s] Level 1:colcon.colcon_core.package_identification:_identify(my_tf_broadcaster) by extension 'colcon_pkg'
[0.368s] Level 1:colcon.colcon_core.package_identification:_identify(my_tf_broadcaster) by extensions ['colcon_meta']
[0.368s] Level 1:colcon.colcon_core.package_identification:_identify(my_tf_broadcaster) by extension 'colcon_meta'
[0.369s] Level 1:colcon.colcon_core.package_identification:_identify(my_tf_broadcaster) by extensions ['ros']
[0.369s] Level 1:colcon.colcon_core.package_identification:_identify(my_tf_broadcaster) by extension 'ros'
[0.369s] DEBUG:colcon.colcon_core.package_identification:Package 'my_tf_broadcaster' with type 'ros.ament_python' and name 'my_tf_broadcaster'
[0.369s] Level 1:colcon.colcon_core.package_discovery:discover_packages(recursive) using defaults
[0.369s] Level 1:colcon.colcon_core.package_discovery:discover_packages(ignore) discover
[0.369s] Level 1:colcon.colcon_core.package_discovery:discover_packages(ignore) using defaults
[0.369s] Level 1:colcon.colcon_core.package_discovery:discover_packages(path) discover
[0.369s] Level 1:colcon.colcon_core.package_discovery:discover_packages(path) using defaults
[0.388s] Level 1:colcon.colcon_core.package_discovery:discover_packages(prefix_path) check parameters
[0.389s] Level 1:colcon.colcon_core.package_discovery:discover_packages(prefix_path) discover
[0.391s] DEBUG:colcon.colcon_installed_package_information.package_discovery:Found 2 installed packages in /home/danil/Manipulator-Mujoco/src/install
[0.393s] DEBUG:colcon.colcon_installed_package_information.package_discovery:Found 430 installed packages in /opt/ros/humble
[0.396s] Level 1:colcon.colcon_core.package_discovery:discover_packages(prefix_path) using defaults
[0.455s] Level 5:colcon.colcon_core.verb:set package 'description' build argument 'cmake_args' from command line to 'None'
[0.455s] Level 5:colcon.colcon_core.verb:set package 'description' build argument 'cmake_target' from command line to 'None'
[0.455s] Level 5:colcon.colcon_core.verb:set package 'description' build argument 'cmake_target_skip_unavailable' from command line to 'False'
[0.455s] Level 5:colcon.colcon_core.verb:set package 'description' build argument 'cmake_clean_cache' from command line to 'False'
[0.455s] Level 5:colcon.colcon_core.verb:set package 'description' build argument 'cmake_clean_first' from command line to 'False'
[0.455s] Level 5:colcon.colcon_core.verb:set package 'description' build argument 'cmake_force_configure' from command line to 'False'
[0.455s] Level 5:colcon.colcon_core.verb:set package 'description' build argument 'ament_cmake_args' from command line to 'None'
[0.455s] Level 5:colcon.colcon_core.verb:set package 'description' build argument 'catkin_cmake_args' from command line to 'None'
[0.455s] Level 5:colcon.colcon_core.verb:set package 'description' build argument 'catkin_skip_building_tests' from command line to 'False'
[0.455s] DEBUG:colcon.colcon_core.verb:Building package 'description' with the following arguments: {'ament_cmake_args': None, 'build_base': '/home/danil/Manipulator-Mujoco/src/build/description', 'catkin_cmake_args': None, 'catkin_skip_building_tests': False, 'cmake_args': None, 'cmake_clean_cache': False, 'cmake_clean_first': False, 'cmake_force_configure': False, 'cmake_target': None, 'cmake_target_skip_unavailable': False, 'install_base': '/home/danil/Manipulator-Mujoco/src/install/description', 'merge_install': False, 'path': '/home/danil/Manipulator-Mujoco/src/description', 'symlink_install': False, 'test_result_base': None}
[0.456s] Level 5:colcon.colcon_core.verb:set package 'my_tf_broadcaster' build argument 'cmake_args' from command line to 'None'
[0.456s] Level 5:colcon.colcon_core.verb:set package 'my_tf_broadcaster' build argument 'cmake_target' from command line to 'None'
[0.456s] Level 5:colcon.colcon_core.verb:set package 'my_tf_broadcaster' build argument 'cmake_target_skip_unavailable' from command line to 'False'
[0.456s] Level 5:colcon.colcon_core.verb:set package 'my_tf_broadcaster' build argument 'cmake_clean_cache' from command line to 'False'
[0.456s] Level 5:colcon.colcon_core.verb:set package 'my_tf_broadcaster' build argument 'cmake_clean_first' from command line to 'False'
[0.456s] Level 5:colcon.colcon_core.verb:set package 'my_tf_broadcaster' build argument 'cmake_force_configure' from command line to 'False'
[0.456s] Level 5:colcon.colcon_core.verb:set package 'my_tf_broadcaster' build argument 'ament_cmake_args' from command line to 'None'
[0.456s] Level 5:colcon.colcon_core.verb:set package 'my_tf_broadcaster' build argument 'catkin_cmake_args' from command line to 'None'
[0.456s] Level 5:colcon.colcon_core.verb:set package 'my_tf_broadcaster' build argument 'catkin_skip_building_tests' from command line to 'False'
[0.456s] DEBUG:colcon.colcon_core.verb:Building package 'my_tf_broadcaster' with the following arguments: {'ament_cmake_args': None, 'build_base': '/home/danil/Manipulator-Mujoco/src/build/my_tf_broadcaster', 'catkin_cmake_args': None, 'catkin_skip_building_tests': False, 'cmake_args': None, 'cmake_clean_cache': False, 'cmake_clean_first': False, 'cmake_force_configure': False, 'cmake_target': None, 'cmake_target_skip_unavailable': False, 'install_base': '/home/danil/Manipulator-Mujoco/src/install/my_tf_broadcaster', 'merge_install': False, 'path': '/home/danil/Manipulator-Mujoco/src/my_tf_broadcaster', 'symlink_install': False, 'test_result_base': None}
[0.456s] INFO:colcon.colcon_core.executor:Executing jobs using 'parallel' executor
[0.458s] DEBUG:colcon.colcon_parallel_executor.executor.parallel:run_until_complete
[0.458s] INFO:colcon.colcon_ros.task.ament_cmake.build:Building ROS package in '/home/danil/Manipulator-Mujoco/src/description' with build type 'ament_cmake'
[0.458s] INFO:colcon.colcon_cmake.task.cmake.build:Building CMake package in '/home/danil/Manipulator-Mujoco/src/description'
[0.460s] INFO:colcon.colcon_core.plugin_system:Skipping extension 'colcon_core.shell.bat': Not used on non-Windows systems
[0.461s] INFO:colcon.colcon_core.shell:Skip shell extension 'powershell' for command environment: Not usable outside of PowerShell
[0.461s] DEBUG:colcon.colcon_core.shell:Skip shell extension 'dsv' for command environment
[0.465s] INFO:colcon.colcon_ros.task.ament_python.build:Building ROS package in '/home/danil/Manipulator-Mujoco/src/my_tf_broadcaster' with build type 'ament_python'
[0.465s] Level 1:colcon.colcon_core.shell:create_environment_hook('my_tf_broadcaster', 'ament_prefix_path')
[0.465s] INFO:colcon.colcon_core.shell:Creating environment hook '/home/danil/Manipulator-Mujoco/src/install/my_tf_broadcaster/share/my_tf_broadcaster/hook/ament_prefix_path.ps1'
[0.466s] INFO:colcon.colcon_core.shell:Creating environment descriptor '/home/danil/Manipulator-Mujoco/src/install/my_tf_broadcaster/share/my_tf_broadcaster/hook/ament_prefix_path.dsv'
[0.467s] INFO:colcon.colcon_core.shell:Creating environment hook '/home/danil/Manipulator-Mujoco/src/install/my_tf_broadcaster/share/my_tf_broadcaster/hook/ament_prefix_path.sh'
[0.468s] INFO:colcon.colcon_core.shell:Skip shell extension 'powershell' for command environment: Not usable outside of PowerShell
[0.468s] DEBUG:colcon.colcon_core.shell:Skip shell extension 'dsv' for command environment
[0.477s] DEBUG:colcon.colcon_core.event_handler.log_command:Invoking command in '/home/danil/Manipulator-Mujoco/src/build/description': CMAKE_PREFIX_PATH=${CMAKE_PREFIX_PATH}:/home/danil/Manipulator-Mujoco/src/install/my_tf_broadcaster:/opt/ros/humble /usr/bin/cmake --build /home/danil/Manipulator-Mujoco/src/build/description -- -j4 -l4
[0.794s] INFO:colcon.colcon_core.task.python.build:Building Python package in '/home/danil/Manipulator-Mujoco/src/my_tf_broadcaster'
[0.794s] INFO:colcon.colcon_core.shell:Skip shell extension 'powershell' for command environment: Not usable outside of PowerShell
[0.794s] DEBUG:colcon.colcon_core.shell:Skip shell extension 'dsv' for command environment
[0.800s] DEBUG:colcon.colcon_core.event_handler.log_command:Invoked command in '/home/danil/Manipulator-Mujoco/src/build/description' returned '0': CMAKE_PREFIX_PATH=${CMAKE_PREFIX_PATH}:/home/danil/Manipulator-Mujoco/src/install/my_tf_broadcaster:/opt/ros/humble /usr/bin/cmake --build /home/danil/Manipulator-Mujoco/src/build/description -- -j4 -l4
[0.814s] DEBUG:colcon.colcon_core.event_handler.log_command:Invoking command in '/home/danil/Manipulator-Mujoco/src/build/description': CMAKE_PREFIX_PATH=${CMAKE_PREFIX_PATH}:/home/danil/Manipulator-Mujoco/src/install/my_tf_broadcaster:/opt/ros/humble /usr/bin/cmake --install /home/danil/Manipulator-Mujoco/src/build/description
[0.832s] Level 1:colcon.colcon_core.environment:create_environment_scripts_only(description)
[0.835s] Level 1:colcon.colcon_core.environment:checking '/home/danil/Manipulator-Mujoco/src/install/description' for CMake module files
[0.836s] DEBUG:colcon.colcon_core.event_handler.log_command:Invoked command in '/home/danil/Manipulator-Mujoco/src/build/description' returned '0': CMAKE_PREFIX_PATH=${CMAKE_PREFIX_PATH}:/home/danil/Manipulator-Mujoco/src/install/my_tf_broadcaster:/opt/ros/humble /usr/bin/cmake --install /home/danil/Manipulator-Mujoco/src/build/description
[0.837s] Level 1:colcon.colcon_core.environment:checking '/home/danil/Manipulator-Mujoco/src/install/description' for CMake config files
[0.837s] Level 1:colcon.colcon_core.shell:create_environment_hook('description', 'cmake_prefix_path')
[0.838s] INFO:colcon.colcon_core.shell:Creating environment hook '/home/danil/Manipulator-Mujoco/src/install/description/share/description/hook/cmake_prefix_path.ps1'
[0.838s] INFO:colcon.colcon_core.shell:Creating environment descriptor '/home/danil/Manipulator-Mujoco/src/install/description/share/description/hook/cmake_prefix_path.dsv'
[0.839s] INFO:colcon.colcon_core.shell:Creating environment hook '/home/danil/Manipulator-Mujoco/src/install/description/share/description/hook/cmake_prefix_path.sh'
[0.839s] Level 1:colcon.colcon_core.environment:checking '/home/danil/Manipulator-Mujoco/src/install/description/bin'
[0.840s] Level 1:colcon.colcon_core.environment:checking '/home/danil/Manipulator-Mujoco/src/install/description/lib/pkgconfig/description.pc'
[0.840s] Level 1:colcon.colcon_core.environment:checking '/home/danil/Manipulator-Mujoco/src/install/description/lib/python3.10/site-packages'
[0.840s] Level 1:colcon.colcon_core.environment:checking '/home/danil/Manipulator-Mujoco/src/install/description/bin'
[0.840s] INFO:colcon.colcon_core.shell:Creating package script '/home/danil/Manipulator-Mujoco/src/install/description/share/description/package.ps1'
[0.842s] INFO:colcon.colcon_core.shell:Creating package descriptor '/home/danil/Manipulator-Mujoco/src/install/description/share/description/package.dsv'
[0.842s] INFO:colcon.colcon_core.shell:Creating package script '/home/danil/Manipulator-Mujoco/src/install/description/share/description/package.sh'
[0.843s] INFO:colcon.colcon_core.shell:Creating package script '/home/danil/Manipulator-Mujoco/src/install/description/share/description/package.bash'
[0.844s] INFO:colcon.colcon_core.shell:Creating package script '/home/danil/Manipulator-Mujoco/src/install/description/share/description/package.zsh'
[0.845s] Level 1:colcon.colcon_core.environment:create_file_with_runtime_dependencies(/home/danil/Manipulator-Mujoco/src/install/description/share/colcon-core/packages/description)
[0.846s] Level 1:colcon.colcon_core.environment:create_environment_scripts_only(description)
[0.847s] Level 1:colcon.colcon_core.environment:checking '/home/danil/Manipulator-Mujoco/src/install/description' for CMake module files
[0.847s] Level 1:colcon.colcon_core.environment:checking '/home/danil/Manipulator-Mujoco/src/install/description' for CMake config files
[0.848s] Level 1:colcon.colcon_core.shell:create_environment_hook('description', 'cmake_prefix_path')
[0.848s] INFO:colcon.colcon_core.shell:Creating environment hook '/home/danil/Manipulator-Mujoco/src/install/description/share/description/hook/cmake_prefix_path.ps1'
[0.849s] INFO:colcon.colcon_core.shell:Creating environment descriptor '/home/danil/Manipulator-Mujoco/src/install/description/share/description/hook/cmake_prefix_path.dsv'
[0.850s] INFO:colcon.colcon_core.shell:Creating environment hook '/home/danil/Manipulator-Mujoco/src/install/description/share/description/hook/cmake_prefix_path.sh'
[0.851s] Level 1:colcon.colcon_core.environment:checking '/home/danil/Manipulator-Mujoco/src/install/description/bin'
[0.851s] Level 1:colcon.colcon_core.environment:checking '/home/danil/Manipulator-Mujoco/src/install/description/lib/pkgconfig/description.pc'
[0.851s] Level 1:colcon.colcon_core.environment:checking '/home/danil/Manipulator-Mujoco/src/install/description/lib/python3.10/site-packages'
[0.852s] Level 1:colcon.colcon_core.environment:checking '/home/danil/Manipulator-Mujoco/src/install/description/bin'
[0.853s] INFO:colcon.colcon_core.shell:Creating package script '/home/danil/Manipulator-Mujoco/src/install/description/share/description/package.ps1'
[0.854s] INFO:colcon.colcon_core.shell:Creating package descriptor '/home/danil/Manipulator-Mujoco/src/install/description/share/description/package.dsv'
[0.855s] INFO:colcon.colcon_core.shell:Creating package script '/home/danil/Manipulator-Mujoco/src/install/description/share/description/package.sh'
[0.855s] INFO:colcon.colcon_core.shell:Creating package script '/home/danil/Manipulator-Mujoco/src/install/description/share/description/package.bash'
[0.856s] INFO:colcon.colcon_core.shell:Creating package script '/home/danil/Manipulator-Mujoco/src/install/description/share/description/package.zsh'
[0.858s] Level 1:colcon.colcon_core.environment:create_file_with_runtime_dependencies(/home/danil/Manipulator-Mujoco/src/install/description/share/colcon-core/packages/description)
[1.321s] DEBUG:colcon.colcon_core.event_handler.log_command:Invoking command in '/home/danil/Manipulator-Mujoco/src/my_tf_broadcaster': PYTHONPATH=/home/danil/Manipulator-Mujoco/src/build/my_tf_broadcaster/prefix_override:/usr/lib/python3/dist-packages/colcon_core/task/python/colcon_distutils_commands:/home/danil/Manipulator-Mujoco/src/install/my_tf_broadcaster/lib/python3.10/site-packages:${PYTHONPATH} /usr/bin/python3 -W ignore:setup.py install is deprecated -W ignore:easy_install command is deprecated setup.py egg_info --egg-base ../build/my_tf_broadcaster build --build-base /home/danil/Manipulator-Mujoco/src/build/my_tf_broadcaster/build install --record /home/danil/Manipulator-Mujoco/src/build/my_tf_broadcaster/install.log --single-version-externally-managed install_data
[1.668s] Level 1:colcon.colcon_core.environment:checking '/home/danil/Manipulator-Mujoco/src/install/my_tf_broadcaster' for CMake module files
[1.669s] DEBUG:colcon.colcon_core.event_handler.log_command:Invoked command in '/home/danil/Manipulator-Mujoco/src/my_tf_broadcaster' returned '0': PYTHONPATH=/home/danil/Manipulator-Mujoco/src/build/my_tf_broadcaster/prefix_override:/usr/lib/python3/dist-packages/colcon_core/task/python/colcon_distutils_commands:/home/danil/Manipulator-Mujoco/src/install/my_tf_broadcaster/lib/python3.10/site-packages:${PYTHONPATH} /usr/bin/python3 -W ignore:setup.py install is deprecated -W ignore:easy_install command is deprecated setup.py egg_info --egg-base ../build/my_tf_broadcaster build --build-base /home/danil/Manipulator-Mujoco/src/build/my_tf_broadcaster/build install --record /home/danil/Manipulator-Mujoco/src/build/my_tf_broadcaster/install.log --single-version-externally-managed install_data
[1.669s] Level 1:colcon.colcon_core.environment:checking '/home/danil/Manipulator-Mujoco/src/install/my_tf_broadcaster' for CMake config files
[1.670s] Level 1:colcon.colcon_core.environment:checking '/home/danil/Manipulator-Mujoco/src/install/my_tf_broadcaster/lib'
[1.670s] Level 1:colcon.colcon_core.environment:checking '/home/danil/Manipulator-Mujoco/src/install/my_tf_broadcaster/bin'
[1.670s] Level 1:colcon.colcon_core.environment:checking '/home/danil/Manipulator-Mujoco/src/install/my_tf_broadcaster/lib/pkgconfig/my_tf_broadcaster.pc'
[1.671s] Level 1:colcon.colcon_core.environment:checking '/home/danil/Manipulator-Mujoco/src/install/my_tf_broadcaster/lib/python3.10/site-packages'
[1.671s] Level 1:colcon.colcon_core.shell:create_environment_hook('my_tf_broadcaster', 'pythonpath')
[1.671s] INFO:colcon.colcon_core.shell:Creating environment hook '/home/danil/Manipulator-Mujoco/src/install/my_tf_broadcaster/share/my_tf_broadcaster/hook/pythonpath.ps1'
[1.671s] INFO:colcon.colcon_core.shell:Creating environment descriptor '/home/danil/Manipulator-Mujoco/src/install/my_tf_broadcaster/share/my_tf_broadcaster/hook/pythonpath.dsv'
[1.672s] INFO:colcon.colcon_core.shell:Creating environment hook '/home/danil/Manipulator-Mujoco/src/install/my_tf_broadcaster/share/my_tf_broadcaster/hook/pythonpath.sh'
[1.672s] Level 1:colcon.colcon_core.environment:checking '/home/danil/Manipulator-Mujoco/src/install/my_tf_broadcaster/bin'
[1.673s] Level 1:colcon.colcon_core.environment:create_environment_scripts_only(my_tf_broadcaster)
[1.673s] INFO:colcon.colcon_core.shell:Creating package script '/home/danil/Manipulator-Mujoco/src/install/my_tf_broadcaster/share/my_tf_broadcaster/package.ps1'
[1.673s] INFO:colcon.colcon_core.shell:Creating package descriptor '/home/danil/Manipulator-Mujoco/src/install/my_tf_broadcaster/share/my_tf_broadcaster/package.dsv'
[1.674s] INFO:colcon.colcon_core.shell:Creating package script '/home/danil/Manipulator-Mujoco/src/install/my_tf_broadcaster/share/my_tf_broadcaster/package.sh'
[1.674s] INFO:colcon.colcon_core.shell:Creating package script '/home/danil/Manipulator-Mujoco/src/install/my_tf_broadcaster/share/my_tf_broadcaster/package.bash'
[1.675s] INFO:colcon.colcon_core.shell:Creating package script '/home/danil/Manipulator-Mujoco/src/install/my_tf_broadcaster/share/my_tf_broadcaster/package.zsh'
[1.675s] Level 1:colcon.colcon_core.environment:create_file_with_runtime_dependencies(/home/danil/Manipulator-Mujoco/src/install/my_tf_broadcaster/share/colcon-core/packages/my_tf_broadcaster)
[1.675s] DEBUG:colcon.colcon_parallel_executor.executor.parallel:closing loop
[1.676s] DEBUG:colcon.colcon_parallel_executor.executor.parallel:loop closed
[1.676s] DEBUG:colcon.colcon_parallel_executor.executor.parallel:run_until_complete finished with '0'
[1.676s] DEBUG:colcon.colcon_core.event_reactor:joining thread
[1.682s] INFO:colcon.colcon_core.plugin_system:Skipping extension 'colcon_notification.desktop_notification.terminal_notifier': Not used on non-Darwin systems
[1.682s] INFO:colcon.colcon_core.plugin_system:Skipping extension 'colcon_notification.desktop_notification.win32': Not used on non-Windows systems
[1.682s] INFO:colcon.colcon_notification.desktop_notification:Sending desktop notification using 'notify2'
[1.694s] DEBUG:colcon.colcon_core.event_reactor:joined thread
[1.694s] INFO:colcon.colcon_core.shell:Creating prefix script '/home/danil/Manipulator-Mujoco/src/install/local_setup.ps1'
[1.696s] INFO:colcon.colcon_core.shell:Creating prefix util module '/home/danil/Manipulator-Mujoco/src/install/_local_setup_util_ps1.py'
[1.697s] INFO:colcon.colcon_core.shell:Creating prefix chain script '/home/danil/Manipulator-Mujoco/src/install/setup.ps1'
[1.698s] INFO:colcon.colcon_core.shell:Creating prefix script '/home/danil/Manipulator-Mujoco/src/install/local_setup.sh'
[1.699s] INFO:colcon.colcon_core.shell:Creating prefix util module '/home/danil/Manipulator-Mujoco/src/install/_local_setup_util_sh.py'
[1.700s] INFO:colcon.colcon_core.shell:Creating prefix chain script '/home/danil/Manipulator-Mujoco/src/install/setup.sh'
[1.701s] INFO:colcon.colcon_core.shell:Creating prefix script '/home/danil/Manipulator-Mujoco/src/install/local_setup.bash'
[1.702s] INFO:colcon.colcon_core.shell:Creating prefix chain script '/home/danil/Manipulator-Mujoco/src/install/setup.bash'
[1.703s] INFO:colcon.colcon_core.shell:Creating prefix script '/home/danil/Manipulator-Mujoco/src/install/local_setup.zsh'
[1.704s] INFO:colcon.colcon_core.shell:Creating prefix chain script '/home/danil/Manipulator-Mujoco/src/install/setup.zsh'
