running egg_info
creating ../build/my_tf_broadcaster/my_tf_broadcaster.egg-info
writing ../build/my_tf_broadcaster/my_tf_broadcaster.egg-info/PKG-INFO
writing dependency_links to ../build/my_tf_broadcaster/my_tf_broadcaster.egg-info/dependency_links.txt
writing entry points to ../build/my_tf_broadcaster/my_tf_broadcaster.egg-info/entry_points.txt
writing requirements to ../build/my_tf_broadcaster/my_tf_broadcaster.egg-info/requires.txt
writing top-level names to ../build/my_tf_broadcaster/my_tf_broadcaster.egg-info/top_level.txt
writing manifest file '../build/my_tf_broadcaster/my_tf_broadcaster.egg-info/SOURCES.txt'
reading manifest file '../build/my_tf_broadcaster/my_tf_broadcaster.egg-info/SOURCES.txt'
writing manifest file '../build/my_tf_broadcaster/my_tf_broadcaster.egg-info/SOURCES.txt'
running build
running build_py
creating /mujoco/src/build/my_tf_broadcaster/build
creating /mujoco/src/build/my_tf_broadcaster/build/lib
creating /mujoco/src/build/my_tf_broadcaster/build/lib/my_tf_broadcaster
copying my_tf_broadcaster/tf_grasp_listener.py -> /mujoco/src/build/my_tf_broadcaster/build/lib/my_tf_broadcaster
copying my_tf_broadcaster/exp.py -> /mujoco/src/build/my_tf_broadcaster/build/lib/my_tf_broadcaster
copying my_tf_broadcaster/go.py -> /mujoco/src/build/my_tf_broadcaster/build/lib/my_tf_broadcaster
copying my_tf_broadcaster/tf_broadcaster.py -> /mujoco/src/build/my_tf_broadcaster/build/lib/my_tf_broadcaster
copying my_tf_broadcaster/__init__.py -> /mujoco/src/build/my_tf_broadcaster/build/lib/my_tf_broadcaster
copying my_tf_broadcaster/camera.py -> /mujoco/src/build/my_tf_broadcaster/build/lib/my_tf_broadcaster
copying my_tf_broadcaster/test.py -> /mujoco/src/build/my_tf_broadcaster/build/lib/my_tf_broadcaster
running install
running install_lib
creating /mujoco/src/install/my_tf_broadcaster/lib/python3.10/site-packages/my_tf_broadcaster
copying /mujoco/src/build/my_tf_broadcaster/build/lib/my_tf_broadcaster/tf_grasp_listener.py -> /mujoco/src/install/my_tf_broadcaster/lib/python3.10/site-packages/my_tf_broadcaster
copying /mujoco/src/build/my_tf_broadcaster/build/lib/my_tf_broadcaster/exp.py -> /mujoco/src/install/my_tf_broadcaster/lib/python3.10/site-packages/my_tf_broadcaster
copying /mujoco/src/build/my_tf_broadcaster/build/lib/my_tf_broadcaster/go.py -> /mujoco/src/install/my_tf_broadcaster/lib/python3.10/site-packages/my_tf_broadcaster
copying /mujoco/src/build/my_tf_broadcaster/build/lib/my_tf_broadcaster/tf_broadcaster.py -> /mujoco/src/install/my_tf_broadcaster/lib/python3.10/site-packages/my_tf_broadcaster
copying /mujoco/src/build/my_tf_broadcaster/build/lib/my_tf_broadcaster/__init__.py -> /mujoco/src/install/my_tf_broadcaster/lib/python3.10/site-packages/my_tf_broadcaster
copying /mujoco/src/build/my_tf_broadcaster/build/lib/my_tf_broadcaster/camera.py -> /mujoco/src/install/my_tf_broadcaster/lib/python3.10/site-packages/my_tf_broadcaster
copying /mujoco/src/build/my_tf_broadcaster/build/lib/my_tf_broadcaster/test.py -> /mujoco/src/install/my_tf_broadcaster/lib/python3.10/site-packages/my_tf_broadcaster
byte-compiling /mujoco/src/install/my_tf_broadcaster/lib/python3.10/site-packages/my_tf_broadcaster/tf_grasp_listener.py to tf_grasp_listener.cpython-310.pyc
byte-compiling /mujoco/src/install/my_tf_broadcaster/lib/python3.10/site-packages/my_tf_broadcaster/exp.py to exp.cpython-310.pyc
byte-compiling /mujoco/src/install/my_tf_broadcaster/lib/python3.10/site-packages/my_tf_broadcaster/go.py to go.cpython-310.pyc
byte-compiling /mujoco/src/install/my_tf_broadcaster/lib/python3.10/site-packages/my_tf_broadcaster/tf_broadcaster.py to tf_broadcaster.cpython-310.pyc
byte-compiling /mujoco/src/install/my_tf_broadcaster/lib/python3.10/site-packages/my_tf_broadcaster/__init__.py to __init__.cpython-310.pyc
byte-compiling /mujoco/src/install/my_tf_broadcaster/lib/python3.10/site-packages/my_tf_broadcaster/camera.py to camera.cpython-310.pyc
byte-compiling /mujoco/src/install/my_tf_broadcaster/lib/python3.10/site-packages/my_tf_broadcaster/test.py to test.cpython-310.pyc
running install_data
creating /mujoco/src/install/my_tf_broadcaster/share/ament_index
creating /mujoco/src/install/my_tf_broadcaster/share/ament_index/resource_index
creating /mujoco/src/install/my_tf_broadcaster/share/ament_index/resource_index/packages
copying resource/my_tf_broadcaster -> /mujoco/src/install/my_tf_broadcaster/share/ament_index/resource_index/packages
copying package.xml -> /mujoco/src/install/my_tf_broadcaster/share/my_tf_broadcaster
creating /mujoco/src/install/my_tf_broadcaster/share/my_tf_broadcaster/config
copying config/config.rviz -> /mujoco/src/install/my_tf_broadcaster/share/my_tf_broadcaster/config
creating /mujoco/src/install/my_tf_broadcaster/share/my_tf_broadcaster/launch
copying launch/view.launch.py -> /mujoco/src/install/my_tf_broadcaster/share/my_tf_broadcaster/launch
creating /mujoco/src/install/my_tf_broadcaster/share/my_tf_broadcaster/saved_data
running install_egg_info
Copying ../build/my_tf_broadcaster/my_tf_broadcaster.egg-info to /mujoco/src/install/my_tf_broadcaster/lib/python3.10/site-packages/my_tf_broadcaster-0.0.0-py3.10.egg-info
running install_scripts
Installing camera script to /mujoco/src/install/my_tf_broadcaster/lib/my_tf_broadcaster
Installing exp script to /mujoco/src/install/my_tf_broadcaster/lib/my_tf_broadcaster
Installing go script to /mujoco/src/install/my_tf_broadcaster/lib/my_tf_broadcaster
Installing test script to /mujoco/src/install/my_tf_broadcaster/lib/my_tf_broadcaster
Installing tf_broadcaster script to /mujoco/src/install/my_tf_broadcaster/lib/my_tf_broadcaster
Installing tf_grasp_listener script to /mujoco/src/install/my_tf_broadcaster/lib/my_tf_broadcaster
writing list of installed files to '/mujoco/src/build/my_tf_broadcaster/install.log'
