[0.020s] Invoking command in '/home/danil/Manipulator-Mujoco/src/build/description': CMAKE_PREFIX_PATH=${CMAKE_PREFIX_PATH}:/home/danil/Manipulator-Mujoco/src/install/my_tf_broadcaster:/opt/ros/humble /usr/bin/cmake --build /home/danil/Manipulator-Mujoco/src/build/description -- -j4 -l4
[0.343s] Invoked command in '/home/danil/Manipulator-Mujoco/src/build/description' returned '0': CMAKE_PREFIX_PATH=${CMAKE_PREFIX_PATH}:/home/danil/Manipulator-Mujoco/src/install/my_tf_broadcaster:/opt/ros/humble /usr/bin/cmake --build /home/danil/Manipulator-Mujoco/src/build/description -- -j4 -l4
[0.356s] Invoking command in '/home/danil/Manipulator-Mujoco/src/build/description': CMAKE_PREFIX_PATH=${CMAKE_PREFIX_PATH}:/home/danil/Manipulator-Mujoco/src/install/my_tf_broadcaster:/opt/ros/humble /usr/bin/cmake --install /home/danil/Manipulator-Mujoco/src/build/description
[0.367s] -- Install configuration: ""
[0.367s] -- Up-to-date: /home/danil/Manipulator-Mujoco/src/install/description/share/description/launch
[0.367s] -- Up-to-date: /home/danil/Manipulator-Mujoco/src/install/description/share/description/launch/camera.launch.py
[0.367s] -- Up-to-date: /home/danil/Manipulator-Mujoco/src/install/description/share/description/launch/go.launch.py
[0.367s] -- Up-to-date: /home/danil/Manipulator-Mujoco/src/install/description/share/description/meshes
[0.368s] -- Up-to-date: /home/danil/Manipulator-Mujoco/src/install/description/share/description/meshes/box.stl
[0.368s] -- Up-to-date: /home/danil/Manipulator-Mujoco/src/install/description/share/description/urdf
[0.368s] -- Up-to-date: /home/danil/Manipulator-Mujoco/src/install/description/share/description/urdf/camera.urdf.xacro
[0.368s] -- Up-to-date: /home/danil/Manipulator-Mujoco/src/install/description/share/description/config
[0.368s] -- Up-to-date: /home/danil/Manipulator-Mujoco/src/install/description/share/description/config/rviz.rviz
[0.368s] -- Up-to-date: /home/danil/Manipulator-Mujoco/src/install/description/share/ament_index/resource_index/package_run_dependencies/description
[0.368s] -- Up-to-date: /home/danil/Manipulator-Mujoco/src/install/description/share/ament_index/resource_index/parent_prefix_path/description
[0.368s] -- Up-to-date: /home/danil/Manipulator-Mujoco/src/install/description/share/description/environment/ament_prefix_path.sh
[0.369s] -- Up-to-date: /home/danil/Manipulator-Mujoco/src/install/description/share/description/environment/ament_prefix_path.dsv
[0.369s] -- Up-to-date: /home/danil/Manipulator-Mujoco/src/install/description/share/description/environment/path.sh
[0.369s] -- Up-to-date: /home/danil/Manipulator-Mujoco/src/install/description/share/description/environment/path.dsv
[0.369s] -- Up-to-date: /home/danil/Manipulator-Mujoco/src/install/description/share/description/local_setup.bash
[0.369s] -- Up-to-date: /home/danil/Manipulator-Mujoco/src/install/description/share/description/local_setup.sh
[0.369s] -- Up-to-date: /home/danil/Manipulator-Mujoco/src/install/description/share/description/local_setup.zsh
[0.369s] -- Up-to-date: /home/danil/Manipulator-Mujoco/src/install/description/share/description/local_setup.dsv
[0.370s] -- Installing: /home/danil/Manipulator-Mujoco/src/install/description/share/description/package.dsv
[0.370s] -- Up-to-date: /home/danil/Manipulator-Mujoco/src/install/description/share/ament_index/resource_index/packages/description
[0.370s] -- Up-to-date: /home/danil/Manipulator-Mujoco/src/install/description/share/description/cmake/descriptionConfig.cmake
[0.370s] -- Up-to-date: /home/danil/Manipulator-Mujoco/src/install/description/share/description/cmake/descriptionConfig-version.cmake
[0.370s] -- Up-to-date: /home/danil/Manipulator-Mujoco/src/install/description/share/description/package.xml
[0.371s] Invoked command in '/home/danil/Manipulator-Mujoco/src/build/description' returned '0': CMAKE_PREFIX_PATH=${CMAKE_PREFIX_PATH}:/home/danil/Manipulator-Mujoco/src/install/my_tf_broadcaster:/opt/ros/humble /usr/bin/cmake --install /home/danil/Manipulator-Mujoco/src/build/description
