[0.018s] Invoking command in '/home/danil/Manipulator-Mujoco/src/build/description': CMAKE_PREFIX_PATH=${CMAKE_PREFIX_PATH}:/home/danil/Manipulator-Mujoco/src/install/my_tf_broadcaster:/opt/ros/humble /usr/bin/cmake --build /home/danil/Manipulator-Mujoco/src/build/description -- -j4 -l4
[0.345s] Invoked command in '/home/danil/Manipulator-Mujoco/src/build/description' returned '0': CMAKE_PREFIX_PATH=${CMAKE_PREFIX_PATH}:/home/danil/Manipulator-Mujoco/src/install/my_tf_broadcaster:/opt/ros/humble /usr/bin/cmake --build /home/danil/Manipulator-Mujoco/src/build/description -- -j4 -l4
[0.377s] Invoking command in '/home/danil/Manipulator-Mujoco/src/build/description': CMAKE_PREFIX_PATH=${CMAKE_PREFIX_PATH}:/home/danil/Manipulator-Mujoco/src/install/my_tf_broadcaster:/opt/ros/humble /usr/bin/cmake --install /home/danil/Manipulator-Mujoco/src/build/description
[0.394s] -- Install configuration: ""
[0.394s] -- Up-to-date: /home/danil/Manipulator-Mujoco/src/install/description/share/description/launch
[0.394s] -- Up-to-date: /home/danil/Manipulator-Mujoco/src/install/description/share/description/launch/camera.launch.py
[0.394s] -- Up-to-date: /home/danil/Manipulator-Mujoco/src/install/description/share/description/launch/go.launch.py
[0.395s] -- Up-to-date: /home/danil/Manipulator-Mujoco/src/install/description/share/description/meshes
[0.395s] -- Up-to-date: /home/danil/Manipulator-Mujoco/src/install/description/share/description/meshes/box.stl
[0.398s] -- Up-to-date: /home/danil/Manipulator-Mujoco/src/install/description/share/description/urdf
[0.398s] -- Up-to-date: /home/danil/Manipulator-Mujoco/src/install/description/share/description/urdf/camera.urdf.xacro
[0.398s] -- Up-to-date: /home/danil/Manipulator-Mujoco/src/install/description/share/description/config
[0.398s] -- Up-to-date: /home/danil/Manipulator-Mujoco/src/install/description/share/description/config/rviz.rviz
[0.398s] -- Up-to-date: /home/danil/Manipulator-Mujoco/src/install/description/share/ament_index/resource_index/package_run_dependencies/description
[0.398s] -- Up-to-date: /home/danil/Manipulator-Mujoco/src/install/description/share/ament_index/resource_index/parent_prefix_path/description
[0.398s] -- Up-to-date: /home/danil/Manipulator-Mujoco/src/install/description/share/description/environment/ament_prefix_path.sh
[0.399s] -- Up-to-date: /home/danil/Manipulator-Mujoco/src/install/description/share/description/environment/ament_prefix_path.dsv
[0.399s] -- Up-to-date: /home/danil/Manipulator-Mujoco/src/install/description/share/description/environment/path.sh
[0.399s] -- Up-to-date: /home/danil/Manipulator-Mujoco/src/install/description/share/description/environment/path.dsv
[0.399s] -- Up-to-date: /home/danil/Manipulator-Mujoco/src/install/description/share/description/local_setup.bash
[0.399s] -- Up-to-date: /home/danil/Manipulator-Mujoco/src/install/description/share/description/local_setup.sh
[0.399s] -- Up-to-date: /home/danil/Manipulator-Mujoco/src/install/description/share/description/local_setup.zsh
[0.399s] -- Up-to-date: /home/danil/Manipulator-Mujoco/src/install/description/share/description/local_setup.dsv
[0.399s] -- Installing: /home/danil/Manipulator-Mujoco/src/install/description/share/description/package.dsv
[0.399s] -- Up-to-date: /home/danil/Manipulator-Mujoco/src/install/description/share/ament_index/resource_index/packages/description
[0.399s] -- Up-to-date: /home/danil/Manipulator-Mujoco/src/install/description/share/description/cmake/descriptionConfig.cmake
[0.399s] -- Up-to-date: /home/danil/Manipulator-Mujoco/src/install/description/share/description/cmake/descriptionConfig-version.cmake
[0.399s] -- Up-to-date: /home/danil/Manipulator-Mujoco/src/install/description/share/description/package.xml
[0.403s] Invoked command in '/home/danil/Manipulator-Mujoco/src/build/description' returned '0': CMAKE_PREFIX_PATH=${CMAKE_PREFIX_PATH}:/home/danil/Manipulator-Mujoco/src/install/my_tf_broadcaster:/opt/ros/humble /usr/bin/cmake --install /home/danil/Manipulator-Mujoco/src/build/description
