running egg_info
writing ../build/my_tf_broadcaster/my_tf_broadcaster.egg-info/PKG-INFO
writing dependency_links to ../build/my_tf_broadcaster/my_tf_broadcaster.egg-info/dependency_links.txt
writing entry points to ../build/my_tf_broadcaster/my_tf_broadcaster.egg-info/entry_points.txt
writing requirements to ../build/my_tf_broadcaster/my_tf_broadcaster.egg-info/requires.txt
writing top-level names to ../build/my_tf_broadcaster/my_tf_broadcaster.egg-info/top_level.txt
reading manifest file '../build/my_tf_broadcaster/my_tf_broadcaster.egg-info/SOURCES.txt'
writing manifest file '../build/my_tf_broadcaster/my_tf_broadcaster.egg-info/SOURCES.txt'
running build
running build_py
running install
running install_lib
running install_data
copying launch/view.launch.py -> /home/danil/Manipulator-Mujoco/src/install/my_tf_broadcaster/share/my_tf_broadcaster/launch
running install_egg_info
removing '/home/danil/Manipulator-Mujoco/src/install/my_tf_broadcaster/lib/python3.10/site-packages/my_tf_broadcaster-0.0.0-py3.10.egg-info' (and everything under it)
Copying ../build/my_tf_broadcaster/my_tf_broadcaster.egg-info to /home/danil/Manipulator-Mujoco/src/install/my_tf_broadcaster/lib/python3.10/site-packages/my_tf_broadcaster-0.0.0-py3.10.egg-info
running install_scripts
Installing camera script to /home/danil/Manipulator-Mujoco/src/install/my_tf_broadcaster/lib/my_tf_broadcaster
Installing exp script to /home/danil/Manipulator-Mujoco/src/install/my_tf_broadcaster/lib/my_tf_broadcaster
Installing go script to /home/danil/Manipulator-Mujoco/src/install/my_tf_broadcaster/lib/my_tf_broadcaster
Installing test script to /home/danil/Manipulator-Mujoco/src/install/my_tf_broadcaster/lib/my_tf_broadcaster
Installing tf_broadcaster script to /home/danil/Manipulator-Mujoco/src/install/my_tf_broadcaster/lib/my_tf_broadcaster
Installing tf_grasp_listener script to /home/danil/Manipulator-Mujoco/src/install/my_tf_broadcaster/lib/my_tf_broadcaster
writing list of installed files to '/home/danil/Manipulator-Mujoco/src/build/my_tf_broadcaster/install.log'
