[0.018s] Invoking command in '/mujoco/src/build/description': CMAKE_PREFIX_PATH=/opt/ros/humble /usr/bin/cmake /mujoco/src/description -DCMAKE_INSTALL_PREFIX=/mujoco/src/install/description
[0.042s] -- Found ament_cmake: 1.3.11 (/opt/ros/humble/share/ament_cmake/cmake)
[0.210s] -- Found Python3: /usr/bin/python3 (found version "3.10.12") found components: Interpreter 
[0.342s] -- Found ament_lint_auto: 0.12.11 (/opt/ros/humble/share/ament_lint_auto/cmake)
[0.460s] -- Added test 'flake8' to check Python code syntax and style conventions
[0.461s] -- Added test 'lint_cmake' to check CMake code style
[0.462s] -- Added test 'pep257' to check Python code against some of the docstring style conventions in PEP 257
[0.464s] -- Added test 'xmllint' to check XML markup files
[0.466s] -- Configuring done
[0.470s] -- Generating done
[0.473s] -- Build files have been written to: /mujoco/src/build/description
[0.477s] Invoked command in '/mujoco/src/build/description' returned '0': CMAKE_PREFIX_PATH=/opt/ros/humble /usr/bin/cmake /mujoco/src/description -DCMAKE_INSTALL_PREFIX=/mujoco/src/install/description
[0.479s] Invoking command in '/mujoco/src/build/description': CMAKE_PREFIX_PATH=/opt/ros/humble /usr/bin/cmake --build /mujoco/src/build/description -- -j4 -l4
[0.522s] Invoked command in '/mujoco/src/build/description' returned '0': CMAKE_PREFIX_PATH=/opt/ros/humble /usr/bin/cmake --build /mujoco/src/build/description -- -j4 -l4
[0.534s] Invoking command in '/mujoco/src/build/description': CMAKE_PREFIX_PATH=/opt/ros/humble /usr/bin/cmake --install /mujoco/src/build/description
[0.543s] -- Install configuration: ""
[0.544s] -- Installing: /mujoco/src/install/description/share/description/launch
[0.544s] -- Installing: /mujoco/src/install/description/share/description/launch/camera.launch.py
[0.545s] -- Installing: /mujoco/src/install/description/share/description/launch/go.launch.py
[0.545s] -- Installing: /mujoco/src/install/description/share/description/meshes
[0.545s] -- Installing: /mujoco/src/install/description/share/description/meshes/box.stl
[0.586s] -- Installing: /mujoco/src/install/description/share/description/urdf
[0.586s] -- Installing: /mujoco/src/install/description/share/description/urdf/camera.urdf.xacro
[0.586s] -- Installing: /mujoco/src/install/description/share/description/config
[0.586s] -- Installing: /mujoco/src/install/description/share/description/config/rviz.rviz
[0.587s] -- Installing: /mujoco/src/install/description/share/ament_index/resource_index/package_run_dependencies/description
[0.587s] -- Installing: /mujoco/src/install/description/share/ament_index/resource_index/parent_prefix_path/description
[0.587s] -- Installing: /mujoco/src/install/description/share/description/environment/ament_prefix_path.sh
[0.587s] -- Installing: /mujoco/src/install/description/share/description/environment/ament_prefix_path.dsv
[0.588s] -- Installing: /mujoco/src/install/description/share/description/environment/path.sh
[0.588s] -- Installing: /mujoco/src/install/description/share/description/environment/path.dsv
[0.588s] -- Installing: /mujoco/src/install/description/share/description/local_setup.bash
[0.588s] -- Installing: /mujoco/src/install/description/share/description/local_setup.sh
[0.588s] -- Installing: /mujoco/src/install/description/share/description/local_setup.zsh
[0.588s] -- Installing: /mujoco/src/install/description/share/description/local_setup.dsv
[0.588s] -- Installing: /mujoco/src/install/description/share/description/package.dsv
[0.589s] -- Installing: /mujoco/src/install/description/share/ament_index/resource_index/packages/description
[0.589s] -- Installing: /mujoco/src/install/description/share/description/cmake/descriptionConfig.cmake
[0.589s] -- Installing: /mujoco/src/install/description/share/description/cmake/descriptionConfig-version.cmake
[0.589s] -- Installing: /mujoco/src/install/description/share/description/package.xml
[0.594s] Invoked command in '/mujoco/src/build/description' returned '0': CMAKE_PREFIX_PATH=/opt/ros/humble /usr/bin/cmake --install /mujoco/src/build/description
