[0.021s] Invoking command in '/mujoco/src/build/description': CMAKE_PREFIX_PATH=/opt/ros/humble /usr/bin/cmake --build /mujoco/src/build/description -- -j4 -l4
[0.280s] Invoked command in '/mujoco/src/build/description' returned '0': CMAKE_PREFIX_PATH=/opt/ros/humble /usr/bin/cmake --build /mujoco/src/build/description -- -j4 -l4
[0.290s] Invoking command in '/mujoco/src/build/description': CMAKE_PREFIX_PATH=/opt/ros/humble /usr/bin/cmake --install /mujoco/src/build/description
[0.302s] -- Install configuration: ""
[0.303s] -- Up-to-date: /mujoco/src/install/description/share/description/launch
[0.303s] -- Up-to-date: /mujoco/src/install/description/share/description/launch/camera.launch.py
[0.303s] -- Up-to-date: /mujoco/src/install/description/share/description/launch/go.launch.py
[0.303s] -- Up-to-date: /mujoco/src/install/description/share/description/meshes
[0.304s] -- Up-to-date: /mujoco/src/install/description/share/description/meshes/box.stl
[0.304s] -- Up-to-date: /mujoco/src/install/description/share/description/urdf
[0.304s] -- Up-to-date: /mujoco/src/install/description/share/description/urdf/camera.urdf.xacro
[0.304s] -- Up-to-date: /mujoco/src/install/description/share/description/config
[0.304s] -- Up-to-date: /mujoco/src/install/description/share/description/config/rviz.rviz
[0.304s] -- Up-to-date: /mujoco/src/install/description/share/ament_index/resource_index/package_run_dependencies/description
[0.304s] -- Up-to-date: /mujoco/src/install/description/share/ament_index/resource_index/parent_prefix_path/description
[0.304s] -- Up-to-date: /mujoco/src/install/description/share/description/environment/ament_prefix_path.sh
[0.305s] -- Up-to-date: /mujoco/src/install/description/share/description/environment/ament_prefix_path.dsv
[0.305s] -- Up-to-date: /mujoco/src/install/description/share/description/environment/path.sh
[0.305s] -- Up-to-date: /mujoco/src/install/description/share/description/environment/path.dsv
[0.305s] -- Up-to-date: /mujoco/src/install/description/share/description/local_setup.bash
[0.305s] -- Up-to-date: /mujoco/src/install/description/share/description/local_setup.sh
[0.305s] -- Up-to-date: /mujoco/src/install/description/share/description/local_setup.zsh
[0.305s] -- Up-to-date: /mujoco/src/install/description/share/description/local_setup.dsv
[0.305s] -- Installing: /mujoco/src/install/description/share/description/package.dsv
[0.306s] -- Up-to-date: /mujoco/src/install/description/share/ament_index/resource_index/packages/description
[0.306s] -- Up-to-date: /mujoco/src/install/description/share/description/cmake/descriptionConfig.cmake
[0.306s] -- Up-to-date: /mujoco/src/install/description/share/description/cmake/descriptionConfig-version.cmake
[0.306s] -- Up-to-date: /mujoco/src/install/description/share/description/package.xml
[0.306s] Invoked command in '/mujoco/src/build/description' returned '0': CMAKE_PREFIX_PATH=/opt/ros/humble /usr/bin/cmake --install /mujoco/src/build/description
