[0.196s] DEBUG:colcon:Command line arguments: ['/usr/bin/colcon', 'build']
[0.196s] DEBUG:colcon:Parsed command line arguments: Namespace(log_base=None, log_level=None, verb_name='build', build_base='build', install_base='install', merge_install=False, symlink_install=False, test_result_base=None, continue_on_error=False, executor='parallel', parallel_workers=4, event_handlers=None, ignore_user_meta=False, metas=['./colcon.meta'], base_paths=['.'], packages_ignore=None, packages_ignore_regex=None, paths=None, packages_up_to=None, packages_up_to_regex=None, packages_above=None, packages_above_and_dependencies=None, packages_above_depth=None, packages_select_by_dep=None, packages_skip_by_dep=None, packages_skip_up_to=None, packages_select_build_failed=False, packages_skip_build_finished=False, packages_select_test_failures=False, packages_skip_test_passed=False, packages_select=None, packages_skip=None, packages_select_regex=None, packages_skip_regex=None, packages_start=None, packages_end=None, cmake_args=None, cmake_target=None, cmake_target_skip_unavailable=False, cmake_clean_cache=False, cmake_clean_first=False, cmake_force_configure=False, ament_cmake_args=None, catkin_cmake_args=None, catkin_skip_building_tests=False, mixin_files=None, mixin=None, verb_parser=<colcon_mixin.mixin.mixin_argument.MixinArgumentDecorator object at 0x7ff29ffaedd0>, verb_extension=<colcon_core.verb.build.BuildVerb object at 0x7ff29ffae830>, main=<bound method BuildVerb.main of <colcon_core.verb.build.BuildVerb object at 0x7ff29ffae830>>, mixin_verb=('build',))
[0.393s] Level 1:colcon.colcon_core.package_discovery:discover_packages(colcon_meta) check parameters
[0.394s] INFO:colcon.colcon_metadata.package_discovery.colcon_meta:Using configuration from '/root/.colcon/metadata/default/Gazebo.meta'
[0.394s] INFO:colcon.colcon_metadata.package_discovery.colcon_meta:Using configuration from '/root/.colcon/metadata/default/fastrtps.meta'
[0.394s] Level 1:colcon.colcon_core.package_discovery:discover_packages(recursive) check parameters
[0.394s] Level 1:colcon.colcon_core.package_discovery:discover_packages(ignore) check parameters
[0.394s] Level 1:colcon.colcon_core.package_discovery:discover_packages(path) check parameters
[0.394s] Level 1:colcon.colcon_core.package_discovery:discover_packages(colcon_meta) discover
[0.394s] Level 1:colcon.colcon_core.package_discovery:discover_packages(recursive) discover
[0.394s] INFO:colcon.colcon_core.package_discovery:Crawling recursively for packages in '/mujoco/src'
[0.395s] Level 1:colcon.colcon_core.package_identification:_identify(.) by extensions ['ignore', 'ignore_ament_install']
[0.395s] Level 1:colcon.colcon_core.package_identification:_identify(.) by extension 'ignore'
[0.395s] Level 1:colcon.colcon_core.package_identification:_identify(.) by extension 'ignore_ament_install'
[0.395s] Level 1:colcon.colcon_core.package_identification:_identify(.) by extensions ['colcon_pkg']
[0.395s] Level 1:colcon.colcon_core.package_identification:_identify(.) by extension 'colcon_pkg'
[0.395s] Level 1:colcon.colcon_core.package_identification:_identify(.) by extensions ['colcon_meta']
[0.395s] Level 1:colcon.colcon_core.package_identification:_identify(.) by extension 'colcon_meta'
[0.395s] Level 1:colcon.colcon_core.package_identification:_identify(.) by extensions ['ros']
[0.395s] Level 1:colcon.colcon_core.package_identification:_identify(.) by extension 'ros'
[0.418s] Level 1:colcon.colcon_core.package_identification:_identify(.) by extensions ['cmake', 'python']
[0.418s] Level 1:colcon.colcon_core.package_identification:_identify(.) by extension 'cmake'
[0.418s] Level 1:colcon.colcon_core.package_identification:_identify(.) by extension 'python'
[0.419s] Level 1:colcon.colcon_core.package_identification:_identify(.) by extensions ['python_setup_py']
[0.419s] Level 1:colcon.colcon_core.package_identification:_identify(.) by extension 'python_setup_py'
[0.419s] Level 1:colcon.colcon_core.package_identification:_identify(build) by extensions ['ignore', 'ignore_ament_install']
[0.419s] Level 1:colcon.colcon_core.package_identification:_identify(build) by extension 'ignore'
[0.419s] Level 1:colcon.colcon_core.package_identification:_identify(build) ignored
[0.419s] Level 1:colcon.colcon_core.package_identification:_identify(description) by extensions ['ignore', 'ignore_ament_install']
[0.419s] Level 1:colcon.colcon_core.package_identification:_identify(description) by extension 'ignore'
[0.419s] Level 1:colcon.colcon_core.package_identification:_identify(description) by extension 'ignore_ament_install'
[0.419s] Level 1:colcon.colcon_core.package_identification:_identify(description) by extensions ['colcon_pkg']
[0.419s] Level 1:colcon.colcon_core.package_identification:_identify(description) by extension 'colcon_pkg'
[0.419s] Level 1:colcon.colcon_core.package_identification:_identify(description) by extensions ['colcon_meta']
[0.419s] Level 1:colcon.colcon_core.package_identification:_identify(description) by extension 'colcon_meta'
[0.419s] Level 1:colcon.colcon_core.package_identification:_identify(description) by extensions ['ros']
[0.419s] Level 1:colcon.colcon_core.package_identification:_identify(description) by extension 'ros'
[0.422s] DEBUG:colcon.colcon_core.package_identification:Package 'description' with type 'ros.ament_cmake' and name 'description'
[0.422s] Level 1:colcon.colcon_core.package_identification:_identify(install) by extensions ['ignore', 'ignore_ament_install']
[0.422s] Level 1:colcon.colcon_core.package_identification:_identify(install) by extension 'ignore'
[0.422s] Level 1:colcon.colcon_core.package_identification:_identify(install) ignored
[0.422s] Level 1:colcon.colcon_core.package_identification:_identify(log) by extensions ['ignore', 'ignore_ament_install']
[0.422s] Level 1:colcon.colcon_core.package_identification:_identify(log) by extension 'ignore'
[0.422s] Level 1:colcon.colcon_core.package_identification:_identify(log) ignored
[0.423s] Level 1:colcon.colcon_core.package_identification:_identify(my_tf_broadcaster) by extensions ['ignore', 'ignore_ament_install']
[0.423s] Level 1:colcon.colcon_core.package_identification:_identify(my_tf_broadcaster) by extension 'ignore'
[0.423s] Level 1:colcon.colcon_core.package_identification:_identify(my_tf_broadcaster) by extension 'ignore_ament_install'
[0.423s] Level 1:colcon.colcon_core.package_identification:_identify(my_tf_broadcaster) by extensions ['colcon_pkg']
[0.423s] Level 1:colcon.colcon_core.package_identification:_identify(my_tf_broadcaster) by extension 'colcon_pkg'
[0.423s] Level 1:colcon.colcon_core.package_identification:_identify(my_tf_broadcaster) by extensions ['colcon_meta']
[0.423s] Level 1:colcon.colcon_core.package_identification:_identify(my_tf_broadcaster) by extension 'colcon_meta'
[0.423s] Level 1:colcon.colcon_core.package_identification:_identify(my_tf_broadcaster) by extensions ['ros']
[0.423s] Level 1:colcon.colcon_core.package_identification:_identify(my_tf_broadcaster) by extension 'ros'
[0.424s] DEBUG:colcon.colcon_core.package_identification:Package 'my_tf_broadcaster' with type 'ros.ament_python' and name 'my_tf_broadcaster'
[0.424s] Level 1:colcon.colcon_core.package_discovery:discover_packages(recursive) using defaults
[0.424s] Level 1:colcon.colcon_core.package_discovery:discover_packages(ignore) discover
[0.424s] Level 1:colcon.colcon_core.package_discovery:discover_packages(ignore) using defaults
[0.424s] Level 1:colcon.colcon_core.package_discovery:discover_packages(path) discover
[0.424s] Level 1:colcon.colcon_core.package_discovery:discover_packages(path) using defaults
[0.453s] Level 5:colcon.colcon_core.verb:set package 'description' build argument 'cmake_args' from command line to 'None'
[0.453s] Level 5:colcon.colcon_core.verb:set package 'description' build argument 'cmake_target' from command line to 'None'
[0.453s] Level 5:colcon.colcon_core.verb:set package 'description' build argument 'cmake_target_skip_unavailable' from command line to 'False'
[0.453s] Level 5:colcon.colcon_core.verb:set package 'description' build argument 'cmake_clean_cache' from command line to 'False'
[0.453s] Level 5:colcon.colcon_core.verb:set package 'description' build argument 'cmake_clean_first' from command line to 'False'
[0.453s] Level 5:colcon.colcon_core.verb:set package 'description' build argument 'cmake_force_configure' from command line to 'False'
[0.453s] Level 5:colcon.colcon_core.verb:set package 'description' build argument 'ament_cmake_args' from command line to 'None'
[0.453s] Level 5:colcon.colcon_core.verb:set package 'description' build argument 'catkin_cmake_args' from command line to 'None'
[0.453s] Level 5:colcon.colcon_core.verb:set package 'description' build argument 'catkin_skip_building_tests' from command line to 'False'
[0.453s] DEBUG:colcon.colcon_core.verb:Building package 'description' with the following arguments: {'ament_cmake_args': None, 'build_base': '/mujoco/src/build/description', 'catkin_cmake_args': None, 'catkin_skip_building_tests': False, 'cmake_args': None, 'cmake_clean_cache': False, 'cmake_clean_first': False, 'cmake_force_configure': False, 'cmake_target': None, 'cmake_target_skip_unavailable': False, 'install_base': '/mujoco/src/install/description', 'merge_install': False, 'path': '/mujoco/src/description', 'symlink_install': False, 'test_result_base': None}
[0.454s] Level 5:colcon.colcon_core.verb:set package 'my_tf_broadcaster' build argument 'cmake_args' from command line to 'None'
[0.454s] Level 5:colcon.colcon_core.verb:set package 'my_tf_broadcaster' build argument 'cmake_target' from command line to 'None'
[0.454s] Level 5:colcon.colcon_core.verb:set package 'my_tf_broadcaster' build argument 'cmake_target_skip_unavailable' from command line to 'False'
[0.454s] Level 5:colcon.colcon_core.verb:set package 'my_tf_broadcaster' build argument 'cmake_clean_cache' from command line to 'False'
[0.454s] Level 5:colcon.colcon_core.verb:set package 'my_tf_broadcaster' build argument 'cmake_clean_first' from command line to 'False'
[0.454s] Level 5:colcon.colcon_core.verb:set package 'my_tf_broadcaster' build argument 'cmake_force_configure' from command line to 'False'
[0.454s] Level 5:colcon.colcon_core.verb:set package 'my_tf_broadcaster' build argument 'ament_cmake_args' from command line to 'None'
[0.454s] Level 5:colcon.colcon_core.verb:set package 'my_tf_broadcaster' build argument 'catkin_cmake_args' from command line to 'None'
[0.454s] Level 5:colcon.colcon_core.verb:set package 'my_tf_broadcaster' build argument 'catkin_skip_building_tests' from command line to 'False'
[0.454s] DEBUG:colcon.colcon_core.verb:Building package 'my_tf_broadcaster' with the following arguments: {'ament_cmake_args': None, 'build_base': '/mujoco/src/build/my_tf_broadcaster', 'catkin_cmake_args': None, 'catkin_skip_building_tests': False, 'cmake_args': None, 'cmake_clean_cache': False, 'cmake_clean_first': False, 'cmake_force_configure': False, 'cmake_target': None, 'cmake_target_skip_unavailable': False, 'install_base': '/mujoco/src/install/my_tf_broadcaster', 'merge_install': False, 'path': '/mujoco/src/my_tf_broadcaster', 'symlink_install': False, 'test_result_base': None}
[0.454s] INFO:colcon.colcon_core.executor:Executing jobs using 'parallel' executor
[0.455s] DEBUG:colcon.colcon_parallel_executor.executor.parallel:run_until_complete
[0.455s] INFO:colcon.colcon_ros.task.ament_cmake.build:Building ROS package in '/mujoco/src/description' with build type 'ament_cmake'
[0.456s] INFO:colcon.colcon_cmake.task.cmake.build:Building CMake package in '/mujoco/src/description'
[0.458s] INFO:colcon.colcon_core.plugin_system:Skipping extension 'colcon_core.shell.bat': Not used on non-Windows systems
[0.458s] INFO:colcon.colcon_core.shell:Skip shell extension 'powershell' for command environment: Not usable outside of PowerShell
[0.458s] DEBUG:colcon.colcon_core.shell:Skip shell extension 'dsv' for command environment
[0.464s] INFO:colcon.colcon_ros.task.ament_python.build:Building ROS package in '/mujoco/src/my_tf_broadcaster' with build type 'ament_python'
[0.464s] Level 1:colcon.colcon_core.shell:create_environment_hook('my_tf_broadcaster', 'ament_prefix_path')
[0.464s] INFO:colcon.colcon_core.shell:Creating environment hook '/mujoco/src/install/my_tf_broadcaster/share/my_tf_broadcaster/hook/ament_prefix_path.ps1'
[0.465s] INFO:colcon.colcon_core.shell:Creating environment descriptor '/mujoco/src/install/my_tf_broadcaster/share/my_tf_broadcaster/hook/ament_prefix_path.dsv'
[0.466s] INFO:colcon.colcon_core.shell:Creating environment hook '/mujoco/src/install/my_tf_broadcaster/share/my_tf_broadcaster/hook/ament_prefix_path.sh'
[0.467s] INFO:colcon.colcon_core.shell:Skip shell extension 'powershell' for command environment: Not usable outside of PowerShell
[0.467s] DEBUG:colcon.colcon_core.shell:Skip shell extension 'dsv' for command environment
[0.474s] DEBUG:colcon.colcon_core.event_handler.log_command:Invoking command in '/mujoco/src/build/description': CMAKE_PREFIX_PATH=/opt/ros/humble /usr/bin/cmake /mujoco/src/description -DCMAKE_INSTALL_PREFIX=/mujoco/src/install/description
[0.738s] INFO:colcon.colcon_core.task.python.build:Building Python package in '/mujoco/src/my_tf_broadcaster'
[0.739s] INFO:colcon.colcon_core.shell:Skip shell extension 'powershell' for command environment: Not usable outside of PowerShell
[0.739s] DEBUG:colcon.colcon_core.shell:Skip shell extension 'dsv' for command environment
[0.933s] DEBUG:colcon.colcon_core.event_handler.log_command:Invoked command in '/mujoco/src/build/description' returned '0': CMAKE_PREFIX_PATH=/opt/ros/humble /usr/bin/cmake /mujoco/src/description -DCMAKE_INSTALL_PREFIX=/mujoco/src/install/description
[0.935s] DEBUG:colcon.colcon_core.event_handler.log_command:Invoking command in '/mujoco/src/build/description': CMAKE_PREFIX_PATH=/opt/ros/humble /usr/bin/cmake --build /mujoco/src/build/description -- -j4 -l4
[0.979s] DEBUG:colcon.colcon_core.event_handler.log_command:Invoked command in '/mujoco/src/build/description' returned '0': CMAKE_PREFIX_PATH=/opt/ros/humble /usr/bin/cmake --build /mujoco/src/build/description -- -j4 -l4
[0.990s] DEBUG:colcon.colcon_core.event_handler.log_command:Invoking command in '/mujoco/src/build/description': CMAKE_PREFIX_PATH=/opt/ros/humble /usr/bin/cmake --install /mujoco/src/build/description
[1.047s] Level 1:colcon.colcon_core.environment:create_environment_scripts_only(description)
[1.050s] Level 1:colcon.colcon_core.environment:checking '/mujoco/src/install/description' for CMake module files
[1.050s] DEBUG:colcon.colcon_core.event_handler.log_command:Invoked command in '/mujoco/src/build/description' returned '0': CMAKE_PREFIX_PATH=/opt/ros/humble /usr/bin/cmake --install /mujoco/src/build/description
[1.051s] Level 1:colcon.colcon_core.environment:checking '/mujoco/src/install/description' for CMake config files
[1.051s] Level 1:colcon.colcon_core.shell:create_environment_hook('description', 'cmake_prefix_path')
[1.051s] INFO:colcon.colcon_core.shell:Creating environment hook '/mujoco/src/install/description/share/description/hook/cmake_prefix_path.ps1'
[1.052s] INFO:colcon.colcon_core.shell:Creating environment descriptor '/mujoco/src/install/description/share/description/hook/cmake_prefix_path.dsv'
[1.052s] INFO:colcon.colcon_core.shell:Creating environment hook '/mujoco/src/install/description/share/description/hook/cmake_prefix_path.sh'
[1.053s] Level 1:colcon.colcon_core.environment:checking '/mujoco/src/install/description/bin'
[1.053s] Level 1:colcon.colcon_core.environment:checking '/mujoco/src/install/description/lib/pkgconfig/description.pc'
[1.053s] Level 1:colcon.colcon_core.environment:checking '/mujoco/src/install/description/lib/python3.10/site-packages'
[1.054s] Level 1:colcon.colcon_core.environment:checking '/mujoco/src/install/description/bin'
[1.054s] INFO:colcon.colcon_core.shell:Creating package script '/mujoco/src/install/description/share/description/package.ps1'
[1.055s] INFO:colcon.colcon_core.shell:Creating package descriptor '/mujoco/src/install/description/share/description/package.dsv'
[1.055s] INFO:colcon.colcon_core.shell:Creating package script '/mujoco/src/install/description/share/description/package.sh'
[1.057s] INFO:colcon.colcon_core.shell:Creating package script '/mujoco/src/install/description/share/description/package.bash'
[1.057s] INFO:colcon.colcon_core.shell:Creating package script '/mujoco/src/install/description/share/description/package.zsh'
[1.058s] Level 1:colcon.colcon_core.environment:create_file_with_runtime_dependencies(/mujoco/src/install/description/share/colcon-core/packages/description)
[1.059s] Level 1:colcon.colcon_core.environment:create_environment_scripts_only(description)
[1.059s] Level 1:colcon.colcon_core.environment:checking '/mujoco/src/install/description' for CMake module files
[1.060s] Level 1:colcon.colcon_core.environment:checking '/mujoco/src/install/description' for CMake config files
[1.060s] Level 1:colcon.colcon_core.shell:create_environment_hook('description', 'cmake_prefix_path')
[1.060s] INFO:colcon.colcon_core.shell:Creating environment hook '/mujoco/src/install/description/share/description/hook/cmake_prefix_path.ps1'
[1.061s] INFO:colcon.colcon_core.shell:Creating environment descriptor '/mujoco/src/install/description/share/description/hook/cmake_prefix_path.dsv'
[1.061s] INFO:colcon.colcon_core.shell:Creating environment hook '/mujoco/src/install/description/share/description/hook/cmake_prefix_path.sh'
[1.062s] Level 1:colcon.colcon_core.environment:checking '/mujoco/src/install/description/bin'
[1.062s] Level 1:colcon.colcon_core.environment:checking '/mujoco/src/install/description/lib/pkgconfig/description.pc'
[1.062s] Level 1:colcon.colcon_core.environment:checking '/mujoco/src/install/description/lib/python3.10/site-packages'
[1.063s] Level 1:colcon.colcon_core.environment:checking '/mujoco/src/install/description/bin'
[1.063s] INFO:colcon.colcon_core.shell:Creating package script '/mujoco/src/install/description/share/description/package.ps1'
[1.064s] INFO:colcon.colcon_core.shell:Creating package descriptor '/mujoco/src/install/description/share/description/package.dsv'
[1.064s] INFO:colcon.colcon_core.shell:Creating package script '/mujoco/src/install/description/share/description/package.sh'
[1.065s] INFO:colcon.colcon_core.shell:Creating package script '/mujoco/src/install/description/share/description/package.bash'
[1.065s] INFO:colcon.colcon_core.shell:Creating package script '/mujoco/src/install/description/share/description/package.zsh'
[1.066s] Level 1:colcon.colcon_core.environment:create_file_with_runtime_dependencies(/mujoco/src/install/description/share/colcon-core/packages/description)
[1.088s] DEBUG:colcon.colcon_core.event_handler.log_command:Invoking command in '/mujoco/src/my_tf_broadcaster': PYTHONPATH=/mujoco/src/build/my_tf_broadcaster/prefix_override:/usr/lib/python3/dist-packages/colcon_core/task/python/colcon_distutils_commands:/mujoco/src/install/my_tf_broadcaster/lib/python3.10/site-packages:${PYTHONPATH} /usr/bin/python3 -W ignore:setup.py install is deprecated -W ignore:easy_install command is deprecated setup.py egg_info --egg-base ../build/my_tf_broadcaster build --build-base /mujoco/src/build/my_tf_broadcaster/build install --record /mujoco/src/build/my_tf_broadcaster/install.log --single-version-externally-managed install_data
[1.373s] Level 1:colcon.colcon_core.environment:checking '/mujoco/src/install/my_tf_broadcaster' for CMake module files
[1.373s] DEBUG:colcon.colcon_core.event_handler.log_command:Invoked command in '/mujoco/src/my_tf_broadcaster' returned '0': PYTHONPATH=/mujoco/src/build/my_tf_broadcaster/prefix_override:/usr/lib/python3/dist-packages/colcon_core/task/python/colcon_distutils_commands:/mujoco/src/install/my_tf_broadcaster/lib/python3.10/site-packages:${PYTHONPATH} /usr/bin/python3 -W ignore:setup.py install is deprecated -W ignore:easy_install command is deprecated setup.py egg_info --egg-base ../build/my_tf_broadcaster build --build-base /mujoco/src/build/my_tf_broadcaster/build install --record /mujoco/src/build/my_tf_broadcaster/install.log --single-version-externally-managed install_data
[1.374s] Level 1:colcon.colcon_core.environment:checking '/mujoco/src/install/my_tf_broadcaster' for CMake config files
[1.374s] Level 1:colcon.colcon_core.environment:checking '/mujoco/src/install/my_tf_broadcaster/lib'
[1.375s] Level 1:colcon.colcon_core.environment:checking '/mujoco/src/install/my_tf_broadcaster/bin'
[1.375s] Level 1:colcon.colcon_core.environment:checking '/mujoco/src/install/my_tf_broadcaster/lib/pkgconfig/my_tf_broadcaster.pc'
[1.375s] Level 1:colcon.colcon_core.environment:checking '/mujoco/src/install/my_tf_broadcaster/lib/python3.10/site-packages'
[1.375s] Level 1:colcon.colcon_core.shell:create_environment_hook('my_tf_broadcaster', 'pythonpath')
[1.375s] INFO:colcon.colcon_core.shell:Creating environment hook '/mujoco/src/install/my_tf_broadcaster/share/my_tf_broadcaster/hook/pythonpath.ps1'
[1.376s] INFO:colcon.colcon_core.shell:Creating environment descriptor '/mujoco/src/install/my_tf_broadcaster/share/my_tf_broadcaster/hook/pythonpath.dsv'
[1.376s] INFO:colcon.colcon_core.shell:Creating environment hook '/mujoco/src/install/my_tf_broadcaster/share/my_tf_broadcaster/hook/pythonpath.sh'
[1.377s] Level 1:colcon.colcon_core.environment:checking '/mujoco/src/install/my_tf_broadcaster/bin'
[1.377s] Level 1:colcon.colcon_core.environment:create_environment_scripts_only(my_tf_broadcaster)
[1.377s] INFO:colcon.colcon_core.shell:Creating package script '/mujoco/src/install/my_tf_broadcaster/share/my_tf_broadcaster/package.ps1'
[1.378s] INFO:colcon.colcon_core.shell:Creating package descriptor '/mujoco/src/install/my_tf_broadcaster/share/my_tf_broadcaster/package.dsv'
[1.378s] INFO:colcon.colcon_core.shell:Creating package script '/mujoco/src/install/my_tf_broadcaster/share/my_tf_broadcaster/package.sh'
[1.379s] INFO:colcon.colcon_core.shell:Creating package script '/mujoco/src/install/my_tf_broadcaster/share/my_tf_broadcaster/package.bash'
[1.379s] INFO:colcon.colcon_core.shell:Creating package script '/mujoco/src/install/my_tf_broadcaster/share/my_tf_broadcaster/package.zsh'
[1.379s] Level 1:colcon.colcon_core.environment:create_file_with_runtime_dependencies(/mujoco/src/install/my_tf_broadcaster/share/colcon-core/packages/my_tf_broadcaster)
[1.380s] DEBUG:colcon.colcon_parallel_executor.executor.parallel:closing loop
[1.380s] DEBUG:colcon.colcon_parallel_executor.executor.parallel:loop closed
[1.380s] DEBUG:colcon.colcon_parallel_executor.executor.parallel:run_until_complete finished with '0'
[1.380s] DEBUG:colcon.colcon_core.event_reactor:joining thread
[1.387s] INFO:colcon.colcon_core.plugin_system:Skipping extension 'colcon_notification.desktop_notification.notify_send': Could not find 'notify-send'
[1.387s] INFO:colcon.colcon_core.plugin_system:Skipping extension 'colcon_notification.desktop_notification.terminal_notifier': Not used on non-Darwin systems
[1.387s] INFO:colcon.colcon_core.plugin_system:Skipping extension 'colcon_notification.desktop_notification.win32': Not used on non-Windows systems
[1.387s] INFO:colcon.colcon_notification.desktop_notification:Sending desktop notification using 'notify2'
[1.389s] DEBUG:colcon.colcon_notification.desktop_notification.notify2:Failed to initialize notify2: org.freedesktop.DBus.Error.Spawn.ExecFailed: /usr/bin/dbus-launch terminated abnormally without any error message
[1.390s] DEBUG:colcon.colcon_core.event_reactor:joined thread
[1.391s] INFO:colcon.colcon_core.shell:Creating prefix script '/mujoco/src/install/local_setup.ps1'
[1.392s] INFO:colcon.colcon_core.shell:Creating prefix util module '/mujoco/src/install/_local_setup_util_ps1.py'
[1.394s] INFO:colcon.colcon_core.shell:Creating prefix chain script '/mujoco/src/install/setup.ps1'
[1.395s] INFO:colcon.colcon_core.shell:Creating prefix script '/mujoco/src/install/local_setup.sh'
[1.395s] INFO:colcon.colcon_core.shell:Creating prefix util module '/mujoco/src/install/_local_setup_util_sh.py'
[1.396s] INFO:colcon.colcon_core.shell:Creating prefix chain script '/mujoco/src/install/setup.sh'
[1.397s] INFO:colcon.colcon_core.shell:Creating prefix script '/mujoco/src/install/local_setup.bash'
[1.398s] INFO:colcon.colcon_core.shell:Creating prefix chain script '/mujoco/src/install/setup.bash'
[1.399s] INFO:colcon.colcon_core.shell:Creating prefix script '/mujoco/src/install/local_setup.zsh'
[1.399s] INFO:colcon.colcon_core.shell:Creating prefix chain script '/mujoco/src/install/setup.zsh'
