-- Install configuration: ""
-- Up-to-date: /mujoco/src/install/description/share/description/launch
-- Up-to-date: /mujoco/src/install/description/share/description/launch/camera.launch.py
-- Up-to-date: /mujoco/src/install/description/share/description/launch/go.launch.py
-- Up-to-date: /mujoco/src/install/description/share/description/meshes
-- Up-to-date: /mujoco/src/install/description/share/description/meshes/box.stl
-- Up-to-date: /mujoco/src/install/description/share/description/urdf
-- Up-to-date: /mujoco/src/install/description/share/description/urdf/camera.urdf.xacro
-- Up-to-date: /mujoco/src/install/description/share/description/config
-- Up-to-date: /mujoco/src/install/description/share/description/config/rviz.rviz
-- Up-to-date: /mujoco/src/install/description/share/ament_index/resource_index/package_run_dependencies/description
-- Up-to-date: /mujoco/src/install/description/share/ament_index/resource_index/parent_prefix_path/description
-- Up-to-date: /mujoco/src/install/description/share/description/environment/ament_prefix_path.sh
-- Up-to-date: /mujoco/src/install/description/share/description/environment/ament_prefix_path.dsv
-- Up-to-date: /mujoco/src/install/description/share/description/environment/path.sh
-- Up-to-date: /mujoco/src/install/description/share/description/environment/path.dsv
-- Up-to-date: /mujoco/src/install/description/share/description/local_setup.bash
-- Up-to-date: /mujoco/src/install/description/share/description/local_setup.sh
-- Up-to-date: /mujoco/src/install/description/share/description/local_setup.zsh
-- Up-to-date: /mujoco/src/install/description/share/description/local_setup.dsv
-- Installing: /mujoco/src/install/description/share/description/package.dsv
-- Up-to-date: /mujoco/src/install/description/share/ament_index/resource_index/packages/description
-- Up-to-date: /mujoco/src/install/description/share/description/cmake/descriptionConfig.cmake
-- Up-to-date: /mujoco/src/install/description/share/description/cmake/descriptionConfig-version.cmake
-- Up-to-date: /mujoco/src/install/description/share/description/package.xml
