[0.000000] (-) TimerEvent: {}
[0.000329] (description) JobQueued: {'identifier': 'description', 'dependencies': OrderedDict()}
[0.000530] (my_tf_broadcaster) JobQueued: {'identifier': 'my_tf_broadcaster', 'dependencies': OrderedDict()}
[0.000558] (description) JobStarted: {'identifier': 'description'}
[0.007842] (my_tf_broadcaster) JobStarted: {'identifier': 'my_tf_broadcaster'}
[0.016038] (description) JobProgress: {'identifier': 'description', 'progress': 'cmake'}
[0.016299] (description) JobProgress: {'identifier': 'description', 'progress': 'build'}
[0.016332] (description) Command: {'cmd': ['/usr/bin/cmake', '--build', '/mujoco/src/build/description', '--', '-j4', '-l4'], 'cwd': '/mujoco/src/build/description', 'env': OrderedDict([('HOSTNAME', 'danil-H110M-S2PV'), ('SHLVL', '1'), ('LD_LIBRARY_PATH', '/opt/ros/humble/opt/rviz_ogre_vendor/lib:/opt/ros/humble/lib/x86_64-linux-gnu:/opt/ros/humble/lib'), ('HOME', '/root'), ('OLDPWD', '/mujoco'), ('ROS_PYTHON_VERSION', '3'), ('ROS_DISTRO', 'humble'), ('_', '/usr/bin/colcon'), ('ROS_VERSION', '2'), ('NVIDIA_DRIVER_CAPABILITIES', 'compute,utility'), ('TERM', 'xterm'), ('ROS_LOCALHOST_ONLY', '0'), ('PATH', '/opt/ros/humble/bin:/usr/local/sbin:/usr/local/bin:/usr/sbin:/usr/bin:/sbin:/bin'), ('DISPLAY', ':1'), ('LANG', 'C.UTF-8'), ('ROS_DOMAIN_ID', '137'), ('AMENT_PREFIX_PATH', '/opt/ros/humble'), ('PWD', '/mujoco/src/build/description'), ('LC_ALL', 'C.UTF-8'), ('PYTHONPATH', '/opt/ros/humble/lib/python3.10/site-packages:/opt/ros/humble/local/lib/python3.10/dist-packages'), ('NVIDIA_VISIBLE_DEVICES', 'all'), ('COLCON', '1'), ('CMAKE_PREFIX_PATH', '/opt/ros/humble')]), 'shell': False}
[0.099240] (-) TimerEvent: {}
[0.199528] (-) TimerEvent: {}
[0.271716] (description) CommandEnded: {'returncode': 0}
[0.272338] (description) JobProgress: {'identifier': 'description', 'progress': 'install'}
[0.281900] (description) Command: {'cmd': ['/usr/bin/cmake', '--install', '/mujoco/src/build/description'], 'cwd': '/mujoco/src/build/description', 'env': OrderedDict([('HOSTNAME', 'danil-H110M-S2PV'), ('SHLVL', '1'), ('LD_LIBRARY_PATH', '/opt/ros/humble/opt/rviz_ogre_vendor/lib:/opt/ros/humble/lib/x86_64-linux-gnu:/opt/ros/humble/lib'), ('HOME', '/root'), ('OLDPWD', '/mujoco'), ('ROS_PYTHON_VERSION', '3'), ('ROS_DISTRO', 'humble'), ('_', '/usr/bin/colcon'), ('ROS_VERSION', '2'), ('NVIDIA_DRIVER_CAPABILITIES', 'compute,utility'), ('TERM', 'xterm'), ('ROS_LOCALHOST_ONLY', '0'), ('PATH', '/opt/ros/humble/bin:/usr/local/sbin:/usr/local/bin:/usr/sbin:/usr/bin:/sbin:/bin'), ('DISPLAY', ':1'), ('LANG', 'C.UTF-8'), ('ROS_DOMAIN_ID', '137'), ('AMENT_PREFIX_PATH', '/opt/ros/humble'), ('PWD', '/mujoco/src/build/description'), ('LC_ALL', 'C.UTF-8'), ('PYTHONPATH', '/opt/ros/humble/lib/python3.10/site-packages:/opt/ros/humble/local/lib/python3.10/dist-packages'), ('NVIDIA_VISIBLE_DEVICES', 'all'), ('COLCON', '1'), ('CMAKE_PREFIX_PATH', '/opt/ros/humble')]), 'shell': False}
[0.291509] (description) StdoutLine: {'line': b'-- Install configuration: ""\n'}
[0.292014] (description) StdoutLine: {'line': b'-- Up-to-date: /mujoco/src/install/description/share/description/launch\n'}
[0.292169] (description) StdoutLine: {'line': b'-- Up-to-date: /mujoco/src/install/description/share/description/launch/camera.launch.py\n'}
[0.292243] (description) StdoutLine: {'line': b'-- Up-to-date: /mujoco/src/install/description/share/description/launch/go.launch.py\n'}
[0.292310] (description) StdoutLine: {'line': b'-- Up-to-date: /mujoco/src/install/description/share/description/meshes\n'}
[0.292373] (description) StdoutLine: {'line': b'-- Up-to-date: /mujoco/src/install/description/share/description/meshes/box.stl\n'}
[0.292437] (description) StdoutLine: {'line': b'-- Up-to-date: /mujoco/src/install/description/share/description/urdf\n'}
[0.292499] (description) StdoutLine: {'line': b'-- Up-to-date: /mujoco/src/install/description/share/description/urdf/camera.urdf.xacro\n'}
[0.292560] (description) StdoutLine: {'line': b'-- Up-to-date: /mujoco/src/install/description/share/description/config\n'}
[0.292621] (description) StdoutLine: {'line': b'-- Up-to-date: /mujoco/src/install/description/share/description/config/rviz.rviz\n'}
[0.292692] (description) StdoutLine: {'line': b'-- Up-to-date: /mujoco/src/install/description/share/ament_index/resource_index/package_run_dependencies/description\n'}
[0.292769] (description) StdoutLine: {'line': b'-- Up-to-date: /mujoco/src/install/description/share/ament_index/resource_index/parent_prefix_path/description\n'}
[0.292915] (description) StdoutLine: {'line': b'-- Up-to-date: /mujoco/src/install/description/share/description/environment/ament_prefix_path.sh\n'}
[0.292981] (description) StdoutLine: {'line': b'-- Up-to-date: /mujoco/src/install/description/share/description/environment/ament_prefix_path.dsv\n'}
[0.293041] (description) StdoutLine: {'line': b'-- Up-to-date: /mujoco/src/install/description/share/description/environment/path.sh\n'}
[0.293100] (description) StdoutLine: {'line': b'-- Up-to-date: /mujoco/src/install/description/share/description/environment/path.dsv\n'}
[0.293160] (description) StdoutLine: {'line': b'-- Up-to-date: /mujoco/src/install/description/share/description/local_setup.bash\n'}
[0.293220] (description) StdoutLine: {'line': b'-- Up-to-date: /mujoco/src/install/description/share/description/local_setup.sh\n'}
[0.293280] (description) StdoutLine: {'line': b'-- Up-to-date: /mujoco/src/install/description/share/description/local_setup.zsh\n'}
[0.293340] (description) StdoutLine: {'line': b'-- Up-to-date: /mujoco/src/install/description/share/description/local_setup.dsv\n'}
[0.293399] (description) StdoutLine: {'line': b'-- Up-to-date: /mujoco/src/install/description/share/description/package.dsv\n'}
[0.293459] (description) StdoutLine: {'line': b'-- Up-to-date: /mujoco/src/install/description/share/ament_index/resource_index/packages/description\n'}
[0.293519] (description) StdoutLine: {'line': b'-- Up-to-date: /mujoco/src/install/description/share/description/cmake/descriptionConfig.cmake\n'}
[0.293578] (description) StdoutLine: {'line': b'-- Up-to-date: /mujoco/src/install/description/share/description/cmake/descriptionConfig-version.cmake\n'}
[0.293638] (description) StdoutLine: {'line': b'-- Up-to-date: /mujoco/src/install/description/share/description/package.xml\n'}
[0.294585] (description) CommandEnded: {'returncode': 0}
[0.299625] (-) TimerEvent: {}
[0.312476] (description) JobEnded: {'identifier': 'description', 'rc': 0}
[0.399832] (-) TimerEvent: {}
[0.500115] (-) TimerEvent: {}
[0.600411] (-) TimerEvent: {}
[0.609999] (my_tf_broadcaster) Command: {'cmd': ['/usr/bin/python3', '-W', 'ignore:setup.py install is deprecated', '-W', 'ignore:easy_install command is deprecated', 'setup.py', 'egg_info', '--egg-base', '../build/my_tf_broadcaster', 'build', '--build-base', '/mujoco/src/build/my_tf_broadcaster/build', 'install', '--record', '/mujoco/src/build/my_tf_broadcaster/install.log', '--single-version-externally-managed', 'install_data'], 'cwd': '/mujoco/src/my_tf_broadcaster', 'env': {'HOSTNAME': 'danil-H110M-S2PV', 'SHLVL': '1', 'LD_LIBRARY_PATH': '/opt/ros/humble/opt/rviz_ogre_vendor/lib:/opt/ros/humble/lib/x86_64-linux-gnu:/opt/ros/humble/lib', 'HOME': '/root', 'OLDPWD': '/mujoco', 'ROS_PYTHON_VERSION': '3', 'ROS_DISTRO': 'humble', '_': '/usr/bin/colcon', 'ROS_VERSION': '2', 'NVIDIA_DRIVER_CAPABILITIES': 'compute,utility', 'TERM': 'xterm', 'ROS_LOCALHOST_ONLY': '0', 'PATH': '/opt/ros/humble/bin:/usr/local/sbin:/usr/local/bin:/usr/sbin:/usr/bin:/sbin:/bin', 'DISPLAY': ':1', 'LANG': 'C.UTF-8', 'ROS_DOMAIN_ID': '137', 'AMENT_PREFIX_PATH': '/opt/ros/humble', 'PWD': '/mujoco/src/build/my_tf_broadcaster', 'LC_ALL': 'C.UTF-8', 'PYTHONPATH': '/mujoco/src/build/my_tf_broadcaster/prefix_override:/usr/lib/python3/dist-packages/colcon_core/task/python/colcon_distutils_commands:/mujoco/src/install/my_tf_broadcaster/lib/python3.10/site-packages:/opt/ros/humble/lib/python3.10/site-packages:/opt/ros/humble/local/lib/python3.10/dist-packages', 'NVIDIA_VISIBLE_DEVICES': 'all', 'COLCON': '1'}, 'shell': False}
[0.700532] (-) TimerEvent: {}
[0.800841] (-) TimerEvent: {}
[0.839382] (my_tf_broadcaster) StdoutLine: {'line': b'running egg_info\n'}
[0.840145] (my_tf_broadcaster) StdoutLine: {'line': b'writing ../build/my_tf_broadcaster/my_tf_broadcaster.egg-info/PKG-INFO\n'}
[0.840423] (my_tf_broadcaster) StdoutLine: {'line': b'writing dependency_links to ../build/my_tf_broadcaster/my_tf_broadcaster.egg-info/dependency_links.txt\n'}
[0.840747] (my_tf_broadcaster) StdoutLine: {'line': b'writing entry points to ../build/my_tf_broadcaster/my_tf_broadcaster.egg-info/entry_points.txt\n'}
[0.840946] (my_tf_broadcaster) StdoutLine: {'line': b'writing requirements to ../build/my_tf_broadcaster/my_tf_broadcaster.egg-info/requires.txt\n'}
[0.841106] (my_tf_broadcaster) StdoutLine: {'line': b'writing top-level names to ../build/my_tf_broadcaster/my_tf_broadcaster.egg-info/top_level.txt\n'}
[0.842821] (my_tf_broadcaster) StdoutLine: {'line': b"reading manifest file '../build/my_tf_broadcaster/my_tf_broadcaster.egg-info/SOURCES.txt'\n"}
[0.843831] (my_tf_broadcaster) StdoutLine: {'line': b"writing manifest file '../build/my_tf_broadcaster/my_tf_broadcaster.egg-info/SOURCES.txt'\n"}
[0.844107] (my_tf_broadcaster) StdoutLine: {'line': b'running build\n'}
[0.844202] (my_tf_broadcaster) StdoutLine: {'line': b'running build_py\n'}
[0.844755] (my_tf_broadcaster) StdoutLine: {'line': b'running install\n'}
[0.845111] (my_tf_broadcaster) StdoutLine: {'line': b'running install_lib\n'}
[0.846578] (my_tf_broadcaster) StdoutLine: {'line': b'running install_data\n'}
[0.846764] (my_tf_broadcaster) StdoutLine: {'line': b'running install_egg_info\n'}
[0.848691] (my_tf_broadcaster) StdoutLine: {'line': b"removing '/mujoco/src/install/my_tf_broadcaster/lib/python3.10/site-packages/my_tf_broadcaster-0.0.0-py3.10.egg-info' (and everything under it)\n"}
[0.849106] (my_tf_broadcaster) StdoutLine: {'line': b'Copying ../build/my_tf_broadcaster/my_tf_broadcaster.egg-info to /mujoco/src/install/my_tf_broadcaster/lib/python3.10/site-packages/my_tf_broadcaster-0.0.0-py3.10.egg-info\n'}
[0.850126] (my_tf_broadcaster) StdoutLine: {'line': b'running install_scripts\n'}
[0.871343] (my_tf_broadcaster) StdoutLine: {'line': b'Installing camera script to /mujoco/src/install/my_tf_broadcaster/lib/my_tf_broadcaster\n'}
[0.871624] (my_tf_broadcaster) StdoutLine: {'line': b'Installing exp script to /mujoco/src/install/my_tf_broadcaster/lib/my_tf_broadcaster\n'}
[0.871851] (my_tf_broadcaster) StdoutLine: {'line': b'Installing go script to /mujoco/src/install/my_tf_broadcaster/lib/my_tf_broadcaster\n'}
[0.872058] (my_tf_broadcaster) StdoutLine: {'line': b'Installing test script to /mujoco/src/install/my_tf_broadcaster/lib/my_tf_broadcaster\n'}
[0.872272] (my_tf_broadcaster) StdoutLine: {'line': b'Installing tf_broadcaster script to /mujoco/src/install/my_tf_broadcaster/lib/my_tf_broadcaster\n'}
[0.872349] (my_tf_broadcaster) StdoutLine: {'line': b'Installing tf_grasp_listener script to /mujoco/src/install/my_tf_broadcaster/lib/my_tf_broadcaster\n'}
[0.872572] (my_tf_broadcaster) StdoutLine: {'line': b"writing list of installed files to '/mujoco/src/build/my_tf_broadcaster/install.log'\n"}
[0.894782] (my_tf_broadcaster) CommandEnded: {'returncode': 0}
[0.901157] (-) TimerEvent: {}
[0.902453] (my_tf_broadcaster) JobEnded: {'identifier': 'my_tf_broadcaster', 'rc': 0}
[0.903158] (-) EventReactorShutdown: {}
