[0.822s] Invoking command in '/home/danil/Manipulator-Mujoco/src/my_tf_broadcaster': PYTHONPATH=/home/danil/Manipulator-Mujoco/src/build/my_tf_broadcaster/prefix_override:/usr/lib/python3/dist-packages/colcon_core/task/python/colcon_distutils_commands:/home/danil/Manipulator-Mujoco/src/install/my_tf_broadcaster/lib/python3.10/site-packages:${PYTHONPATH} /usr/bin/python3 -W ignore:setup.py install is deprecated -W ignore:easy_install command is deprecated setup.py egg_info --egg-base ../build/my_tf_broadcaster build --build-base /home/danil/Manipulator-Mujoco/src/build/my_tf_broadcaster/build install --record /home/danil/Manipulator-Mujoco/src/build/my_tf_broadcaster/install.log --single-version-externally-managed install_data
[1.114s] running egg_info
[1.115s] creating ../build/my_tf_broadcaster/my_tf_broadcaster.egg-info
[1.115s] writing ../build/my_tf_broadcaster/my_tf_broadcaster.egg-info/PKG-INFO
[1.116s] writing dependency_links to ../build/my_tf_broadcaster/my_tf_broadcaster.egg-info/dependency_links.txt
[1.116s] writing entry points to ../build/my_tf_broadcaster/my_tf_broadcaster.egg-info/entry_points.txt
[1.116s] writing requirements to ../build/my_tf_broadcaster/my_tf_broadcaster.egg-info/requires.txt
[1.116s] writing top-level names to ../build/my_tf_broadcaster/my_tf_broadcaster.egg-info/top_level.txt
[1.116s] writing manifest file '../build/my_tf_broadcaster/my_tf_broadcaster.egg-info/SOURCES.txt'
[1.118s] reading manifest file '../build/my_tf_broadcaster/my_tf_broadcaster.egg-info/SOURCES.txt'
[1.121s] writing manifest file '../build/my_tf_broadcaster/my_tf_broadcaster.egg-info/SOURCES.txt'
[1.121s] running build
[1.122s] running build_py
[1.122s] creating /home/danil/Manipulator-Mujoco/src/build/my_tf_broadcaster/build
[1.122s] creating /home/danil/Manipulator-Mujoco/src/build/my_tf_broadcaster/build/lib
[1.122s] creating /home/danil/Manipulator-Mujoco/src/build/my_tf_broadcaster/build/lib/my_tf_broadcaster
[1.122s] copying my_tf_broadcaster/tf_grasp_listener.py -> /home/danil/Manipulator-Mujoco/src/build/my_tf_broadcaster/build/lib/my_tf_broadcaster
[1.122s] copying my_tf_broadcaster/exp.py -> /home/danil/Manipulator-Mujoco/src/build/my_tf_broadcaster/build/lib/my_tf_broadcaster
[1.122s] copying my_tf_broadcaster/tf_broadcaster.py -> /home/danil/Manipulator-Mujoco/src/build/my_tf_broadcaster/build/lib/my_tf_broadcaster
[1.122s] copying my_tf_broadcaster/__init__.py -> /home/danil/Manipulator-Mujoco/src/build/my_tf_broadcaster/build/lib/my_tf_broadcaster
[1.122s] copying my_tf_broadcaster/camera.py -> /home/danil/Manipulator-Mujoco/src/build/my_tf_broadcaster/build/lib/my_tf_broadcaster
[1.122s] copying my_tf_broadcaster/test.py -> /home/danil/Manipulator-Mujoco/src/build/my_tf_broadcaster/build/lib/my_tf_broadcaster
[1.122s] running install
[1.122s] running install_lib
[1.125s] creating /home/danil/Manipulator-Mujoco/src/install/my_tf_broadcaster/lib/python3.10/site-packages/my_tf_broadcaster
[1.125s] copying /home/danil/Manipulator-Mujoco/src/build/my_tf_broadcaster/build/lib/my_tf_broadcaster/tf_grasp_listener.py -> /home/danil/Manipulator-Mujoco/src/install/my_tf_broadcaster/lib/python3.10/site-packages/my_tf_broadcaster
[1.125s] copying /home/danil/Manipulator-Mujoco/src/build/my_tf_broadcaster/build/lib/my_tf_broadcaster/exp.py -> /home/danil/Manipulator-Mujoco/src/install/my_tf_broadcaster/lib/python3.10/site-packages/my_tf_broadcaster
[1.126s] copying /home/danil/Manipulator-Mujoco/src/build/my_tf_broadcaster/build/lib/my_tf_broadcaster/tf_broadcaster.py -> /home/danil/Manipulator-Mujoco/src/install/my_tf_broadcaster/lib/python3.10/site-packages/my_tf_broadcaster
[1.126s] copying /home/danil/Manipulator-Mujoco/src/build/my_tf_broadcaster/build/lib/my_tf_broadcaster/__init__.py -> /home/danil/Manipulator-Mujoco/src/install/my_tf_broadcaster/lib/python3.10/site-packages/my_tf_broadcaster
[1.126s] copying /home/danil/Manipulator-Mujoco/src/build/my_tf_broadcaster/build/lib/my_tf_broadcaster/camera.py -> /home/danil/Manipulator-Mujoco/src/install/my_tf_broadcaster/lib/python3.10/site-packages/my_tf_broadcaster
[1.126s] copying /home/danil/Manipulator-Mujoco/src/build/my_tf_broadcaster/build/lib/my_tf_broadcaster/test.py -> /home/danil/Manipulator-Mujoco/src/install/my_tf_broadcaster/lib/python3.10/site-packages/my_tf_broadcaster
[1.126s] byte-compiling /home/danil/Manipulator-Mujoco/src/install/my_tf_broadcaster/lib/python3.10/site-packages/my_tf_broadcaster/tf_grasp_listener.py to tf_grasp_listener.cpython-310.pyc
[1.126s] byte-compiling /home/danil/Manipulator-Mujoco/src/install/my_tf_broadcaster/lib/python3.10/site-packages/my_tf_broadcaster/exp.py to exp.cpython-310.pyc
[1.128s] byte-compiling /home/danil/Manipulator-Mujoco/src/install/my_tf_broadcaster/lib/python3.10/site-packages/my_tf_broadcaster/tf_broadcaster.py to tf_broadcaster.cpython-310.pyc
[1.131s] byte-compiling /home/danil/Manipulator-Mujoco/src/install/my_tf_broadcaster/lib/python3.10/site-packages/my_tf_broadcaster/__init__.py to __init__.cpython-310.pyc
[1.131s] byte-compiling /home/danil/Manipulator-Mujoco/src/install/my_tf_broadcaster/lib/python3.10/site-packages/my_tf_broadcaster/camera.py to camera.cpython-310.pyc
[1.132s] byte-compiling /home/danil/Manipulator-Mujoco/src/install/my_tf_broadcaster/lib/python3.10/site-packages/my_tf_broadcaster/test.py to test.cpython-310.pyc
[1.132s] running install_data
[1.133s] creating /home/danil/Manipulator-Mujoco/src/install/my_tf_broadcaster/share/ament_index
[1.133s] creating /home/danil/Manipulator-Mujoco/src/install/my_tf_broadcaster/share/ament_index/resource_index
[1.133s] creating /home/danil/Manipulator-Mujoco/src/install/my_tf_broadcaster/share/ament_index/resource_index/packages
[1.133s] copying resource/my_tf_broadcaster -> /home/danil/Manipulator-Mujoco/src/install/my_tf_broadcaster/share/ament_index/resource_index/packages
[1.133s] copying package.xml -> /home/danil/Manipulator-Mujoco/src/install/my_tf_broadcaster/share/my_tf_broadcaster
[1.134s] creating /home/danil/Manipulator-Mujoco/src/install/my_tf_broadcaster/share/my_tf_broadcaster/config
[1.135s] copying config/config.rviz -> /home/danil/Manipulator-Mujoco/src/install/my_tf_broadcaster/share/my_tf_broadcaster/config
[1.135s] creating /home/danil/Manipulator-Mujoco/src/install/my_tf_broadcaster/share/my_tf_broadcaster/launch
[1.135s] copying launch/view.launch.py -> /home/danil/Manipulator-Mujoco/src/install/my_tf_broadcaster/share/my_tf_broadcaster/launch
[1.135s] running install_egg_info
[1.136s] Copying ../build/my_tf_broadcaster/my_tf_broadcaster.egg-info to /home/danil/Manipulator-Mujoco/src/install/my_tf_broadcaster/lib/python3.10/site-packages/my_tf_broadcaster-0.0.0-py3.10.egg-info
[1.137s] running install_scripts
[1.161s] Installing camera script to /home/danil/Manipulator-Mujoco/src/install/my_tf_broadcaster/lib/my_tf_broadcaster
[1.161s] Installing exp script to /home/danil/Manipulator-Mujoco/src/install/my_tf_broadcaster/lib/my_tf_broadcaster
[1.161s] Installing test script to /home/danil/Manipulator-Mujoco/src/install/my_tf_broadcaster/lib/my_tf_broadcaster
[1.161s] Installing tf_broadcaster script to /home/danil/Manipulator-Mujoco/src/install/my_tf_broadcaster/lib/my_tf_broadcaster
[1.161s] Installing tf_grasp_listener script to /home/danil/Manipulator-Mujoco/src/install/my_tf_broadcaster/lib/my_tf_broadcaster
[1.161s] writing list of installed files to '/home/danil/Manipulator-Mujoco/src/build/my_tf_broadcaster/install.log'
[1.188s] Invoked command in '/home/danil/Manipulator-Mujoco/src/my_tf_broadcaster' returned '0': PYTHONPATH=/home/danil/Manipulator-Mujoco/src/build/my_tf_broadcaster/prefix_override:/usr/lib/python3/dist-packages/colcon_core/task/python/colcon_distutils_commands:/home/danil/Manipulator-Mujoco/src/install/my_tf_broadcaster/lib/python3.10/site-packages:${PYTHONPATH} /usr/bin/python3 -W ignore:setup.py install is deprecated -W ignore:easy_install command is deprecated setup.py egg_info --egg-base ../build/my_tf_broadcaster build --build-base /home/danil/Manipulator-Mujoco/src/build/my_tf_broadcaster/build install --record /home/danil/Manipulator-Mujoco/src/build/my_tf_broadcaster/install.log --single-version-externally-managed install_data
