[0.636s] Invoking command in '/mujoco/src/my_tf_broadcaster': PYTHONPATH=/mujoco/src/build/my_tf_broadcaster/prefix_override:/usr/lib/python3/dist-packages/colcon_core/task/python/colcon_distutils_commands:/mujoco/src/install/my_tf_broadcaster/lib/python3.10/site-packages:${PYTHONPATH} /usr/bin/python3 -W ignore:setup.py install is deprecated -W ignore:easy_install command is deprecated setup.py egg_info --egg-base ../build/my_tf_broadcaster build --build-base /mujoco/src/build/my_tf_broadcaster/build install --record /mujoco/src/build/my_tf_broadcaster/install.log --single-version-externally-managed install_data
[0.872s] running egg_info
[0.873s] writing ../build/my_tf_broadcaster/my_tf_broadcaster.egg-info/PKG-INFO
[0.873s] writing dependency_links to ../build/my_tf_broadcaster/my_tf_broadcaster.egg-info/dependency_links.txt
[0.873s] writing entry points to ../build/my_tf_broadcaster/my_tf_broadcaster.egg-info/entry_points.txt
[0.874s] writing requirements to ../build/my_tf_broadcaster/my_tf_broadcaster.egg-info/requires.txt
[0.874s] writing top-level names to ../build/my_tf_broadcaster/my_tf_broadcaster.egg-info/top_level.txt
[0.876s] reading manifest file '../build/my_tf_broadcaster/my_tf_broadcaster.egg-info/SOURCES.txt'
[0.877s] writing manifest file '../build/my_tf_broadcaster/my_tf_broadcaster.egg-info/SOURCES.txt'
[0.877s] running build
[0.877s] running build_py
[0.878s] running install
[0.878s] running install_lib
[0.879s] running install_data
[0.880s] running install_egg_info
[0.882s] removing '/mujoco/src/install/my_tf_broadcaster/lib/python3.10/site-packages/my_tf_broadcaster-0.0.0-py3.10.egg-info' (and everything under it)
[0.882s] Copying ../build/my_tf_broadcaster/my_tf_broadcaster.egg-info to /mujoco/src/install/my_tf_broadcaster/lib/python3.10/site-packages/my_tf_broadcaster-0.0.0-py3.10.egg-info
[0.883s] running install_scripts
[0.905s] Installing camera script to /mujoco/src/install/my_tf_broadcaster/lib/my_tf_broadcaster
[0.905s] Installing exp script to /mujoco/src/install/my_tf_broadcaster/lib/my_tf_broadcaster
[0.906s] Installing go script to /mujoco/src/install/my_tf_broadcaster/lib/my_tf_broadcaster
[0.906s] Installing test script to /mujoco/src/install/my_tf_broadcaster/lib/my_tf_broadcaster
[0.906s] Installing tf_broadcaster script to /mujoco/src/install/my_tf_broadcaster/lib/my_tf_broadcaster
[0.906s] Installing tf_grasp_listener script to /mujoco/src/install/my_tf_broadcaster/lib/my_tf_broadcaster
[0.906s] writing list of installed files to '/mujoco/src/build/my_tf_broadcaster/install.log'
[0.933s] Invoked command in '/mujoco/src/my_tf_broadcaster' returned '0': PYTHONPATH=/mujoco/src/build/my_tf_broadcaster/prefix_override:/usr/lib/python3/dist-packages/colcon_core/task/python/colcon_distutils_commands:/mujoco/src/install/my_tf_broadcaster/lib/python3.10/site-packages:${PYTHONPATH} /usr/bin/python3 -W ignore:setup.py install is deprecated -W ignore:easy_install command is deprecated setup.py egg_info --egg-base ../build/my_tf_broadcaster build --build-base /mujoco/src/build/my_tf_broadcaster/build install --record /mujoco/src/build/my_tf_broadcaster/install.log --single-version-externally-managed install_data
