[0.831s] Invoking command in '/home/danil/Manipulator-Mujoco/src/my_tf_broadcaster': PYTHONPATH=/home/danil/Manipulator-Mujoco/src/build/my_tf_broadcaster/prefix_override:/usr/lib/python3/dist-packages/colcon_core/task/python/colcon_distutils_commands:/home/danil/Manipulator-Mujoco/src/install/my_tf_broadcaster/lib/python3.10/site-packages:${PYTHONPATH} /usr/bin/python3 -W ignore:setup.py install is deprecated -W ignore:easy_install command is deprecated setup.py egg_info --egg-base ../build/my_tf_broadcaster build --build-base /home/danil/Manipulator-Mujoco/src/build/my_tf_broadcaster/build install --record /home/danil/Manipulator-Mujoco/src/build/my_tf_broadcaster/install.log --single-version-externally-managed install_data
[1.109s] running egg_info
[1.109s] writing ../build/my_tf_broadcaster/my_tf_broadcaster.egg-info/PKG-INFO
[1.110s] writing dependency_links to ../build/my_tf_broadcaster/my_tf_broadcaster.egg-info/dependency_links.txt
[1.110s] writing entry points to ../build/my_tf_broadcaster/my_tf_broadcaster.egg-info/entry_points.txt
[1.110s] writing requirements to ../build/my_tf_broadcaster/my_tf_broadcaster.egg-info/requires.txt
[1.110s] writing top-level names to ../build/my_tf_broadcaster/my_tf_broadcaster.egg-info/top_level.txt
[1.112s] reading manifest file '../build/my_tf_broadcaster/my_tf_broadcaster.egg-info/SOURCES.txt'
[1.113s] writing manifest file '../build/my_tf_broadcaster/my_tf_broadcaster.egg-info/SOURCES.txt'
[1.113s] running build
[1.113s] running build_py
[1.115s] copying my_tf_broadcaster/exp.py -> /home/danil/Manipulator-Mujoco/src/build/my_tf_broadcaster/build/lib/my_tf_broadcaster
[1.115s] running install
[1.115s] running install_lib
[1.117s] copying /home/danil/Manipulator-Mujoco/src/build/my_tf_broadcaster/build/lib/my_tf_broadcaster/exp.py -> /home/danil/Manipulator-Mujoco/src/install/my_tf_broadcaster/lib/python3.10/site-packages/my_tf_broadcaster
[1.117s] byte-compiling /home/danil/Manipulator-Mujoco/src/install/my_tf_broadcaster/lib/python3.10/site-packages/my_tf_broadcaster/exp.py to exp.cpython-310.pyc
[1.121s] running install_data
[1.121s] running install_egg_info
[1.123s] removing '/home/danil/Manipulator-Mujoco/src/install/my_tf_broadcaster/lib/python3.10/site-packages/my_tf_broadcaster-0.0.0-py3.10.egg-info' (and everything under it)
[1.123s] Copying ../build/my_tf_broadcaster/my_tf_broadcaster.egg-info to /home/danil/Manipulator-Mujoco/src/install/my_tf_broadcaster/lib/python3.10/site-packages/my_tf_broadcaster-0.0.0-py3.10.egg-info
[1.124s] running install_scripts
[1.145s] Installing camera script to /home/danil/Manipulator-Mujoco/src/install/my_tf_broadcaster/lib/my_tf_broadcaster
[1.146s] Installing exp script to /home/danil/Manipulator-Mujoco/src/install/my_tf_broadcaster/lib/my_tf_broadcaster
[1.146s] Installing test script to /home/danil/Manipulator-Mujoco/src/install/my_tf_broadcaster/lib/my_tf_broadcaster
[1.146s] Installing tf_broadcaster script to /home/danil/Manipulator-Mujoco/src/install/my_tf_broadcaster/lib/my_tf_broadcaster
[1.146s] Installing tf_grasp_listener script to /home/danil/Manipulator-Mujoco/src/install/my_tf_broadcaster/lib/my_tf_broadcaster
[1.146s] writing list of installed files to '/home/danil/Manipulator-Mujoco/src/build/my_tf_broadcaster/install.log'
[1.172s] Invoked command in '/home/danil/Manipulator-Mujoco/src/my_tf_broadcaster' returned '0': PYTHONPATH=/home/danil/Manipulator-Mujoco/src/build/my_tf_broadcaster/prefix_override:/usr/lib/python3/dist-packages/colcon_core/task/python/colcon_distutils_commands:/home/danil/Manipulator-Mujoco/src/install/my_tf_broadcaster/lib/python3.10/site-packages:${PYTHONPATH} /usr/bin/python3 -W ignore:setup.py install is deprecated -W ignore:easy_install command is deprecated setup.py egg_info --egg-base ../build/my_tf_broadcaster build --build-base /home/danil/Manipulator-Mujoco/src/build/my_tf_broadcaster/build install --record /home/danil/Manipulator-Mujoco/src/build/my_tf_broadcaster/install.log --single-version-externally-managed install_data
