[0.797s] Invoking command in '/mujoco/src/my_tf_broadcaster': PYTHONPATH=/mujoco/src/build/my_tf_broadcaster/prefix_override:/usr/lib/python3/dist-packages/colcon_core/task/python/colcon_distutils_commands:/mujoco/src/install/my_tf_broadcaster/lib/python3.10/site-packages:${PYTHONPATH} /usr/bin/python3 -W ignore:setup.py install is deprecated -W ignore:easy_install command is deprecated setup.py egg_info --egg-base ../build/my_tf_broadcaster build --build-base /mujoco/src/build/my_tf_broadcaster/build install --record /mujoco/src/build/my_tf_broadcaster/install.log --single-version-externally-managed install_data
[1.062s] running egg_info
[1.063s] writing ../build/my_tf_broadcaster/my_tf_broadcaster.egg-info/PKG-INFO
[1.070s] writing dependency_links to ../build/my_tf_broadcaster/my_tf_broadcaster.egg-info/dependency_links.txt
[1.090s] writing entry points to ../build/my_tf_broadcaster/my_tf_broadcaster.egg-info/entry_points.txt
[1.091s] writing requirements to ../build/my_tf_broadcaster/my_tf_broadcaster.egg-info/requires.txt
[1.091s] writing top-level names to ../build/my_tf_broadcaster/my_tf_broadcaster.egg-info/top_level.txt
[1.093s] reading manifest file '../build/my_tf_broadcaster/my_tf_broadcaster.egg-info/SOURCES.txt'
[1.094s] writing manifest file '../build/my_tf_broadcaster/my_tf_broadcaster.egg-info/SOURCES.txt'
[1.110s] running build
[1.110s] running build_py
[1.111s] running install
[1.111s] running install_lib
[1.112s] running install_data
[1.113s] running install_egg_info
[1.115s] removing '/mujoco/src/install/my_tf_broadcaster/lib/python3.10/site-packages/my_tf_broadcaster-0.0.0-py3.10.egg-info' (and everything under it)
[1.115s] Copying ../build/my_tf_broadcaster/my_tf_broadcaster.egg-info to /mujoco/src/install/my_tf_broadcaster/lib/python3.10/site-packages/my_tf_broadcaster-0.0.0-py3.10.egg-info
[1.116s] running install_scripts
[1.140s] Installing camera script to /mujoco/src/install/my_tf_broadcaster/lib/my_tf_broadcaster
[1.147s] Installing exp script to /mujoco/src/install/my_tf_broadcaster/lib/my_tf_broadcaster
[1.147s] Installing go script to /mujoco/src/install/my_tf_broadcaster/lib/my_tf_broadcaster
[1.147s] Installing test script to /mujoco/src/install/my_tf_broadcaster/lib/my_tf_broadcaster
[1.147s] Installing tf_broadcaster script to /mujoco/src/install/my_tf_broadcaster/lib/my_tf_broadcaster
[1.147s] Installing tf_grasp_listener script to /mujoco/src/install/my_tf_broadcaster/lib/my_tf_broadcaster
[1.147s] writing list of installed files to '/mujoco/src/build/my_tf_broadcaster/install.log'
[1.177s] Invoked command in '/mujoco/src/my_tf_broadcaster' returned '0': PYTHONPATH=/mujoco/src/build/my_tf_broadcaster/prefix_override:/usr/lib/python3/dist-packages/colcon_core/task/python/colcon_distutils_commands:/mujoco/src/install/my_tf_broadcaster/lib/python3.10/site-packages:${PYTHONPATH} /usr/bin/python3 -W ignore:setup.py install is deprecated -W ignore:easy_install command is deprecated setup.py egg_info --egg-base ../build/my_tf_broadcaster build --build-base /mujoco/src/build/my_tf_broadcaster/build install --record /mujoco/src/build/my_tf_broadcaster/install.log --single-version-externally-managed install_data
