[0.000000] (-) TimerEvent: {}
[0.000193] (description) JobQueued: {'identifier': 'description', 'dependencies': OrderedDict()}
[0.000246] (my_tf_broadcaster) JobQueued: {'identifier': 'my_tf_broadcaster', 'dependencies': OrderedDict()}
[0.000270] (description) JobStarted: {'identifier': 'description'}
[0.012070] (my_tf_broadcaster) JobStarted: {'identifier': 'my_tf_broadcaster'}
[0.017481] (description) JobProgress: {'identifier': 'description', 'progress': 'cmake'}
[0.018111] (description) Command: {'cmd': ['/usr/bin/cmake', '/mujoco/src/description', '-DCMAKE_INSTALL_PREFIX=/mujoco/src/install/description'], 'cwd': '/mujoco/src/build/description', 'env': OrderedDict([('HOSTNAME', 'danil-H110M-S2PV'), ('SHLVL', '1'), ('HOME', '/root'), ('OLDPWD', '/mujoco'), ('ROS_DISTRO', 'humble'), ('_', '/usr/bin/colcon'), ('NVIDIA_DRIVER_CAPABILITIES', 'compute,utility'), ('TERM', 'xterm'), ('PATH', '/usr/local/sbin:/usr/local/bin:/usr/sbin:/usr/bin:/sbin:/bin'), ('DISPLAY', ':1'), ('LANG', 'C.UTF-8'), ('ROS_DOMAIN_ID', '137'), ('PWD', '/mujoco/src/build/description'), ('LC_ALL', 'C.UTF-8'), ('NVIDIA_VISIBLE_DEVICES', 'all'), ('COLCON', '1')]), 'shell': False}
[0.098980] (-) TimerEvent: {}
[0.199302] (-) TimerEvent: {}
[0.222122] (description) StdoutLine: {'line': b'-- The C compiler identification is GNU 11.4.0\n'}
[0.299415] (-) TimerEvent: {}
[0.357366] (description) StdoutLine: {'line': b'-- The CXX compiler identification is GNU 11.4.0\n'}
[0.379830] (description) StdoutLine: {'line': b'-- Detecting C compiler ABI info\n'}
[0.399509] (-) TimerEvent: {}
[0.497040] (description) StdoutLine: {'line': b'-- Detecting C compiler ABI info - done\n'}
[0.499603] (-) TimerEvent: {}
[0.505955] (description) StdoutLine: {'line': b'-- Check for working C compiler: /usr/bin/cc - skipped\n'}
[0.506482] (description) StdoutLine: {'line': b'-- Detecting C compile features\n'}
[0.507379] (description) StdoutLine: {'line': b'-- Detecting C compile features - done\n'}
[0.511631] (description) StdoutLine: {'line': b'-- Detecting CXX compiler ABI info\n'}
[0.583290] (my_tf_broadcaster) Command: {'cmd': ['/usr/bin/python3', '-W', 'ignore:setup.py install is deprecated', '-W', 'ignore:easy_install command is deprecated', 'setup.py', 'egg_info', '--egg-base', '../build/my_tf_broadcaster', 'build', '--build-base', '/mujoco/src/build/my_tf_broadcaster/build', 'install', '--record', '/mujoco/src/build/my_tf_broadcaster/install.log', '--single-version-externally-managed', 'install_data'], 'cwd': '/mujoco/src/my_tf_broadcaster', 'env': {'HOSTNAME': 'danil-H110M-S2PV', 'SHLVL': '1', 'HOME': '/root', 'OLDPWD': '/mujoco', 'ROS_DISTRO': 'humble', '_': '/usr/bin/colcon', 'NVIDIA_DRIVER_CAPABILITIES': 'compute,utility', 'TERM': 'xterm', 'PATH': '/usr/local/sbin:/usr/local/bin:/usr/sbin:/usr/bin:/sbin:/bin', 'DISPLAY': ':1', 'LANG': 'C.UTF-8', 'ROS_DOMAIN_ID': '137', 'PWD': '/mujoco/src/build/my_tf_broadcaster', 'LC_ALL': 'C.UTF-8', 'NVIDIA_VISIBLE_DEVICES': 'all', 'COLCON': '1', 'PYTHONPATH': '/mujoco/src/build/my_tf_broadcaster/prefix_override:/usr/lib/python3/dist-packages/colcon_core/task/python/colcon_distutils_commands:/mujoco/src/install/my_tf_broadcaster/lib/python3.10/site-packages:'}, 'shell': False}
[0.599719] (-) TimerEvent: {}
[0.602821] (description) StdoutLine: {'line': b'-- Detecting CXX compiler ABI info - done\n'}
[0.611025] (description) StdoutLine: {'line': b'-- Check for working CXX compiler: /usr/bin/c++ - skipped\n'}
[0.611352] (description) StdoutLine: {'line': b'-- Detecting CXX compile features\n'}
[0.611821] (description) StdoutLine: {'line': b'-- Detecting CXX compile features - done\n'}
[0.629755] (description) StderrLine: {'line': b'\x1b[31mCMake Error at CMakeLists.txt:9 (find_package):\n'}
[0.629914] (description) StderrLine: {'line': b'  By not providing "Findament_cmake.cmake" in CMAKE_MODULE_PATH this project\n'}
[0.629980] (description) StderrLine: {'line': b'  has asked CMake to find a package configuration file provided by\n'}
[0.630039] (description) StderrLine: {'line': b'  "ament_cmake", but CMake did not find one.\n'}
[0.630095] (description) StderrLine: {'line': b'\n'}
[0.630170] (description) StderrLine: {'line': b'  Could not find a package configuration file provided by "ament_cmake" with\n'}
[0.630237] (description) StderrLine: {'line': b'  any of the following names:\n'}
[0.630295] (description) StderrLine: {'line': b'\n'}
[0.630356] (description) StderrLine: {'line': b'    ament_cmakeConfig.cmake\n'}
[0.630465] (description) StderrLine: {'line': b'    ament_cmake-config.cmake\n'}
[0.630529] (description) StderrLine: {'line': b'\n'}
[0.630590] (description) StderrLine: {'line': b'  Add the installation prefix of "ament_cmake" to CMAKE_PREFIX_PATH or set\n'}
[0.630651] (description) StderrLine: {'line': b'  "ament_cmake_DIR" to a directory containing one of the above files.  If\n'}
[0.630711] (description) StderrLine: {'line': b'  "ament_cmake" provides a separate development package or SDK, be sure it\n'}
[0.630772] (description) StderrLine: {'line': b'  has been installed.\n'}
[0.630832] (description) StderrLine: {'line': b'\n'}
[0.630891] (description) StderrLine: {'line': b'\x1b[0m\n'}
[0.630951] (description) StdoutLine: {'line': b'-- Configuring incomplete, errors occurred!\n'}
[0.631019] (description) StdoutLine: {'line': b'See also "/mujoco/src/build/description/CMakeFiles/CMakeOutput.log".\n'}
[0.634198] (description) CommandEnded: {'returncode': 1}
[0.672928] (description) JobEnded: {'identifier': 'description', 'rc': 1}
[0.699832] (-) TimerEvent: {}
[0.762005] (my_tf_broadcaster) StdoutLine: {'line': b'running egg_info\n'}
[0.762690] (my_tf_broadcaster) StdoutLine: {'line': b'creating ../build/my_tf_broadcaster/my_tf_broadcaster.egg-info\n'}
[0.762896] (my_tf_broadcaster) StdoutLine: {'line': b'writing ../build/my_tf_broadcaster/my_tf_broadcaster.egg-info/PKG-INFO\n'}
[0.763085] (my_tf_broadcaster) StdoutLine: {'line': b'writing dependency_links to ../build/my_tf_broadcaster/my_tf_broadcaster.egg-info/dependency_links.txt\n'}
[0.763309] (my_tf_broadcaster) StdoutLine: {'line': b'writing entry points to ../build/my_tf_broadcaster/my_tf_broadcaster.egg-info/entry_points.txt\n'}
[0.763493] (my_tf_broadcaster) StdoutLine: {'line': b'writing requirements to ../build/my_tf_broadcaster/my_tf_broadcaster.egg-info/requires.txt\n'}
[0.763587] (my_tf_broadcaster) StdoutLine: {'line': b'writing top-level names to ../build/my_tf_broadcaster/my_tf_broadcaster.egg-info/top_level.txt\n'}
[0.763693] (my_tf_broadcaster) StdoutLine: {'line': b"writing manifest file '../build/my_tf_broadcaster/my_tf_broadcaster.egg-info/SOURCES.txt'\n"}
[0.765245] (my_tf_broadcaster) StdoutLine: {'line': b"reading manifest file '../build/my_tf_broadcaster/my_tf_broadcaster.egg-info/SOURCES.txt'\n"}
[0.766058] (my_tf_broadcaster) StdoutLine: {'line': b"writing manifest file '../build/my_tf_broadcaster/my_tf_broadcaster.egg-info/SOURCES.txt'\n"}
[0.766276] (my_tf_broadcaster) StdoutLine: {'line': b'running build\n'}
[0.766389] (my_tf_broadcaster) StdoutLine: {'line': b'running build_py\n'}
[0.766565] (my_tf_broadcaster) StdoutLine: {'line': b'creating /mujoco/src/build/my_tf_broadcaster/build\n'}
[0.766643] (my_tf_broadcaster) StdoutLine: {'line': b'creating /mujoco/src/build/my_tf_broadcaster/build/lib\n'}
[0.766712] (my_tf_broadcaster) StdoutLine: {'line': b'creating /mujoco/src/build/my_tf_broadcaster/build/lib/my_tf_broadcaster\n'}
[0.766780] (my_tf_broadcaster) StdoutLine: {'line': b'copying my_tf_broadcaster/tf_grasp_listener.py -> /mujoco/src/build/my_tf_broadcaster/build/lib/my_tf_broadcaster\n'}
[0.766942] (my_tf_broadcaster) StdoutLine: {'line': b'copying my_tf_broadcaster/exp.py -> /mujoco/src/build/my_tf_broadcaster/build/lib/my_tf_broadcaster\n'}
[0.767033] (my_tf_broadcaster) StdoutLine: {'line': b'copying my_tf_broadcaster/go.py -> /mujoco/src/build/my_tf_broadcaster/build/lib/my_tf_broadcaster\n'}
[0.767141] (my_tf_broadcaster) StdoutLine: {'line': b'copying my_tf_broadcaster/tf_broadcaster.py -> /mujoco/src/build/my_tf_broadcaster/build/lib/my_tf_broadcaster\n'}
[0.767239] (my_tf_broadcaster) StdoutLine: {'line': b'copying my_tf_broadcaster/__init__.py -> /mujoco/src/build/my_tf_broadcaster/build/lib/my_tf_broadcaster\n'}
[0.767346] (my_tf_broadcaster) StdoutLine: {'line': b'copying my_tf_broadcaster/camera.py -> /mujoco/src/build/my_tf_broadcaster/build/lib/my_tf_broadcaster\n'}
[0.767534] (my_tf_broadcaster) StdoutLine: {'line': b'copying my_tf_broadcaster/test.py -> /mujoco/src/build/my_tf_broadcaster/build/lib/my_tf_broadcaster\n'}
[0.767694] (my_tf_broadcaster) StdoutLine: {'line': b'running install\n'}
[0.768092] (my_tf_broadcaster) StdoutLine: {'line': b'running install_lib\n'}
[0.768791] (my_tf_broadcaster) StdoutLine: {'line': b'creating /mujoco/src/install/my_tf_broadcaster/lib/python3.10/site-packages/my_tf_broadcaster\n'}
[0.769020] (my_tf_broadcaster) StdoutLine: {'line': b'copying /mujoco/src/build/my_tf_broadcaster/build/lib/my_tf_broadcaster/tf_grasp_listener.py -> /mujoco/src/install/my_tf_broadcaster/lib/python3.10/site-packages/my_tf_broadcaster\n'}
[0.769174] (my_tf_broadcaster) StdoutLine: {'line': b'copying /mujoco/src/build/my_tf_broadcaster/build/lib/my_tf_broadcaster/exp.py -> /mujoco/src/install/my_tf_broadcaster/lib/python3.10/site-packages/my_tf_broadcaster\n'}
[0.769309] (my_tf_broadcaster) StdoutLine: {'line': b'copying /mujoco/src/build/my_tf_broadcaster/build/lib/my_tf_broadcaster/go.py -> /mujoco/src/install/my_tf_broadcaster/lib/python3.10/site-packages/my_tf_broadcaster\n'}
[0.769385] (my_tf_broadcaster) StdoutLine: {'line': b'copying /mujoco/src/build/my_tf_broadcaster/build/lib/my_tf_broadcaster/tf_broadcaster.py -> /mujoco/src/install/my_tf_broadcaster/lib/python3.10/site-packages/my_tf_broadcaster\n'}
[0.769472] (my_tf_broadcaster) StdoutLine: {'line': b'copying /mujoco/src/build/my_tf_broadcaster/build/lib/my_tf_broadcaster/__init__.py -> /mujoco/src/install/my_tf_broadcaster/lib/python3.10/site-packages/my_tf_broadcaster\n'}
[0.769583] (my_tf_broadcaster) StdoutLine: {'line': b'copying /mujoco/src/build/my_tf_broadcaster/build/lib/my_tf_broadcaster/camera.py -> /mujoco/src/install/my_tf_broadcaster/lib/python3.10/site-packages/my_tf_broadcaster\n'}
[0.769717] (my_tf_broadcaster) StdoutLine: {'line': b'copying /mujoco/src/build/my_tf_broadcaster/build/lib/my_tf_broadcaster/test.py -> /mujoco/src/install/my_tf_broadcaster/lib/python3.10/site-packages/my_tf_broadcaster\n'}
[0.770274] (my_tf_broadcaster) StdoutLine: {'line': b'byte-compiling /mujoco/src/install/my_tf_broadcaster/lib/python3.10/site-packages/my_tf_broadcaster/tf_grasp_listener.py to tf_grasp_listener.cpython-310.pyc\n'}
[0.771764] (my_tf_broadcaster) StdoutLine: {'line': b'byte-compiling /mujoco/src/install/my_tf_broadcaster/lib/python3.10/site-packages/my_tf_broadcaster/exp.py to exp.cpython-310.pyc\n'}
[0.774145] (my_tf_broadcaster) StdoutLine: {'line': b'byte-compiling /mujoco/src/install/my_tf_broadcaster/lib/python3.10/site-packages/my_tf_broadcaster/go.py to go.cpython-310.pyc\n'}
[0.775977] (my_tf_broadcaster) StdoutLine: {'line': b'byte-compiling /mujoco/src/install/my_tf_broadcaster/lib/python3.10/site-packages/my_tf_broadcaster/tf_broadcaster.py to tf_broadcaster.cpython-310.pyc\n'}
[0.777887] (my_tf_broadcaster) StdoutLine: {'line': b'byte-compiling /mujoco/src/install/my_tf_broadcaster/lib/python3.10/site-packages/my_tf_broadcaster/__init__.py to __init__.cpython-310.pyc\n'}
[0.778128] (my_tf_broadcaster) StdoutLine: {'line': b'byte-compiling /mujoco/src/install/my_tf_broadcaster/lib/python3.10/site-packages/my_tf_broadcaster/camera.py to camera.cpython-310.pyc\n'}
[0.778906] (my_tf_broadcaster) StdoutLine: {'line': b'byte-compiling /mujoco/src/install/my_tf_broadcaster/lib/python3.10/site-packages/my_tf_broadcaster/test.py to test.cpython-310.pyc\n'}
[0.780673] (my_tf_broadcaster) StdoutLine: {'line': b'running install_data\n'}
[0.780956] (my_tf_broadcaster) StdoutLine: {'line': b'creating /mujoco/src/install/my_tf_broadcaster/share/ament_index\n'}
[0.781209] (my_tf_broadcaster) StdoutLine: {'line': b'creating /mujoco/src/install/my_tf_broadcaster/share/ament_index/resource_index\n'}
[0.781311] (my_tf_broadcaster) StdoutLine: {'line': b'creating /mujoco/src/install/my_tf_broadcaster/share/ament_index/resource_index/packages\n'}
[0.781488] (my_tf_broadcaster) StdoutLine: {'line': b'copying resource/my_tf_broadcaster -> /mujoco/src/install/my_tf_broadcaster/share/ament_index/resource_index/packages\n'}
[0.781557] (my_tf_broadcaster) StdoutLine: {'line': b'copying package.xml -> /mujoco/src/install/my_tf_broadcaster/share/my_tf_broadcaster\n'}
[0.781621] (my_tf_broadcaster) StdoutLine: {'line': b'creating /mujoco/src/install/my_tf_broadcaster/share/my_tf_broadcaster/config\n'}
[0.781681] (my_tf_broadcaster) StdoutLine: {'line': b'copying config/config.rviz -> /mujoco/src/install/my_tf_broadcaster/share/my_tf_broadcaster/config\n'}
[0.781902] (my_tf_broadcaster) StdoutLine: {'line': b'creating /mujoco/src/install/my_tf_broadcaster/share/my_tf_broadcaster/launch\n'}
[0.782066] (my_tf_broadcaster) StdoutLine: {'line': b'copying launch/view.launch.py -> /mujoco/src/install/my_tf_broadcaster/share/my_tf_broadcaster/launch\n'}
[0.782195] (my_tf_broadcaster) StdoutLine: {'line': b'creating /mujoco/src/install/my_tf_broadcaster/share/my_tf_broadcaster/saved_data\n'}
[0.782259] (my_tf_broadcaster) StdoutLine: {'line': b'running install_egg_info\n'}
[0.783848] (my_tf_broadcaster) StdoutLine: {'line': b'Copying ../build/my_tf_broadcaster/my_tf_broadcaster.egg-info to /mujoco/src/install/my_tf_broadcaster/lib/python3.10/site-packages/my_tf_broadcaster-0.0.0-py3.10.egg-info\n'}
[0.784824] (my_tf_broadcaster) StdoutLine: {'line': b'running install_scripts\n'}
[0.799935] (-) TimerEvent: {}
[0.806371] (my_tf_broadcaster) StdoutLine: {'line': b'Installing camera script to /mujoco/src/install/my_tf_broadcaster/lib/my_tf_broadcaster\n'}
[0.806567] (my_tf_broadcaster) StdoutLine: {'line': b'Installing exp script to /mujoco/src/install/my_tf_broadcaster/lib/my_tf_broadcaster\n'}
[0.808247] (my_tf_broadcaster) StdoutLine: {'line': b'Installing go script to /mujoco/src/install/my_tf_broadcaster/lib/my_tf_broadcaster\n'}
[0.808385] (my_tf_broadcaster) StdoutLine: {'line': b'Installing test script to /mujoco/src/install/my_tf_broadcaster/lib/my_tf_broadcaster\n'}
[0.808468] (my_tf_broadcaster) StdoutLine: {'line': b'Installing tf_broadcaster script to /mujoco/src/install/my_tf_broadcaster/lib/my_tf_broadcaster\n'}
[0.808544] (my_tf_broadcaster) StdoutLine: {'line': b'Installing tf_grasp_listener script to /mujoco/src/install/my_tf_broadcaster/lib/my_tf_broadcaster\n'}
[0.808614] (my_tf_broadcaster) StdoutLine: {'line': b"writing list of installed files to '/mujoco/src/build/my_tf_broadcaster/install.log'\n"}
[0.831770] (my_tf_broadcaster) JobEnded: {'identifier': 'my_tf_broadcaster', 'rc': 'SIGINT'}
[0.842419] (-) EventReactorShutdown: {}
