/mujoco/src/install/my_tf_broadcaster/lib/python3.10/site-packages/my_tf_broadcaster/tf_grasp_listener.py
/mujoco/src/install/my_tf_broadcaster/lib/python3.10/site-packages/my_tf_broadcaster/exp.py
/mujoco/src/install/my_tf_broadcaster/lib/python3.10/site-packages/my_tf_broadcaster/go.py
/mujoco/src/install/my_tf_broadcaster/lib/python3.10/site-packages/my_tf_broadcaster/tf_broadcaster.py
/mujoco/src/install/my_tf_broadcaster/lib/python3.10/site-packages/my_tf_broadcaster/__init__.py
/mujoco/src/install/my_tf_broadcaster/lib/python3.10/site-packages/my_tf_broadcaster/camera.py
/mujoco/src/install/my_tf_broadcaster/lib/python3.10/site-packages/my_tf_broadcaster/test.py
/mujoco/src/install/my_tf_broadcaster/lib/python3.10/site-packages/my_tf_broadcaster/__pycache__/tf_grasp_listener.cpython-310.pyc
/mujoco/src/install/my_tf_broadcaster/lib/python3.10/site-packages/my_tf_broadcaster/__pycache__/exp.cpython-310.pyc
/mujoco/src/install/my_tf_broadcaster/lib/python3.10/site-packages/my_tf_broadcaster/__pycache__/go.cpython-310.pyc
/mujoco/src/install/my_tf_broadcaster/lib/python3.10/site-packages/my_tf_broadcaster/__pycache__/tf_broadcaster.cpython-310.pyc
/mujoco/src/install/my_tf_broadcaster/lib/python3.10/site-packages/my_tf_broadcaster/__pycache__/__init__.cpython-310.pyc
/mujoco/src/install/my_tf_broadcaster/lib/python3.10/site-packages/my_tf_broadcaster/__pycache__/camera.cpython-310.pyc
/mujoco/src/install/my_tf_broadcaster/lib/python3.10/site-packages/my_tf_broadcaster/__pycache__/test.cpython-310.pyc
/mujoco/src/install/my_tf_broadcaster/share/ament_index/resource_index/packages/my_tf_broadcaster
/mujoco/src/install/my_tf_broadcaster/share/my_tf_broadcaster/package.xml
/mujoco/src/install/my_tf_broadcaster/share/my_tf_broadcaster/config/config.rviz
/mujoco/src/install/my_tf_broadcaster/share/my_tf_broadcaster/launch/view.launch.py
/mujoco/src/install/my_tf_broadcaster/share/my_tf_broadcaster/saved_data
/mujoco/src/install/my_tf_broadcaster/lib/python3.10/site-packages/my_tf_broadcaster-0.0.0-py3.10.egg-info/top_level.txt
/mujoco/src/install/my_tf_broadcaster/lib/python3.10/site-packages/my_tf_broadcaster-0.0.0-py3.10.egg-info/requires.txt
/mujoco/src/install/my_tf_broadcaster/lib/python3.10/site-packages/my_tf_broadcaster-0.0.0-py3.10.egg-info/zip-safe
/mujoco/src/install/my_tf_broadcaster/lib/python3.10/site-packages/my_tf_broadcaster-0.0.0-py3.10.egg-info/dependency_links.txt
/mujoco/src/install/my_tf_broadcaster/lib/python3.10/site-packages/my_tf_broadcaster-0.0.0-py3.10.egg-info/entry_points.txt
/mujoco/src/install/my_tf_broadcaster/lib/python3.10/site-packages/my_tf_broadcaster-0.0.0-py3.10.egg-info/PKG-INFO
/mujoco/src/install/my_tf_broadcaster/lib/python3.10/site-packages/my_tf_broadcaster-0.0.0-py3.10.egg-info/SOURCES.txt
/mujoco/src/install/my_tf_broadcaster/lib/my_tf_broadcaster/camera
/mujoco/src/install/my_tf_broadcaster/lib/my_tf_broadcaster/exp
/mujoco/src/install/my_tf_broadcaster/lib/my_tf_broadcaster/go
/mujoco/src/install/my_tf_broadcaster/lib/my_tf_broadcaster/test
/mujoco/src/install/my_tf_broadcaster/lib/my_tf_broadcaster/tf_broadcaster
/mujoco/src/install/my_tf_broadcaster/lib/my_tf_broadcaster/tf_grasp_listener
